Iziskuje|None delikatnost!|None 
Pripremite|None se|None da|None vas|None s|None nogu|None obori|None ljepota|None slika|None koje|None ćete|None stvoriti|None svojim|None odabirom|None boja.|None 
Prostori|None za|None bojanje|None ponekad|None su|None vrlo|None mali|None te|None iziskuju|None pažljiv|None pristup|None i|None mirnu|None ruku.|None 
Međutim,|None zbilja|None se|None isplati.|None 
Ove|None su|None slike|None predivno|None nacrtane,|None a|None ono|None što|None ćete|None s|None njima|None napraviti|None inspirirat|None će|None vas.|None Možda|None ćete|None htjeti|None fotokopirati|None stranice|None ako|None želite|None svaku|None izložiti|None ili|None iskoristiti|None jer|None su|None obostrano|None tiskane.|None Jednostavno|None predivno|None napravljeno.|None 
Falsifikat,|None prodavačica|None si|None sama|None ostavlja|None recenzije!|None 
Lažni|None MAc.|None 
MAC|None ni|None ne|None proizvodi|None ovu|None paletu.|None 
Prodavačica|None je|None ostavila|None pozitivne|None recenzije|None za|None vlastiti|None artikl|None pod|None dva|None ista|None imena,|None jedno|None je|None Alexis,|None a|None drugo|None je|None _...pogledajte|None sve|None recenzije|None koje|None si|None ostavljaju|None za|None vlastite|None proizvode.|None 
Zašto|None se|None to|PRON tu|None događa|AMBIGUITY ?|None 
Treba|None ih|None XX|OMISSION zaustaviti|None 
Napad|None u|None Midsomer|None Nortonu:|None četvero|None uhićenih|None zbog|None pokušaja|None ubojstva|None 
Tri|None tinejdžera|None i|None 20-godišnjak|None uhićeni|None su|None zbog|None sumnje|None na|None pokušaj|None ubojstva|None nakon|None što|None je|None u|None Somersetu|None pronađen|None 16-godišnjak|None s|None ubodnim|None ranama.|None 
Tinejdžer|None je|None pronađen|None ozlijeđen|None u|None ulici|None Excelsior|None Terrace|None u|None Midsomer|None Nortonu|None u|None subotu|None oko|None 4:00|None po|None britanskom|None standardnom|None vremenu.|None 
Odvezen|None je|None u|None bolnicu|None i|None stanje|None mu|None je|None „stabilno”.|None 
Tijekom|None noći|None su|None na|None području|None grada|None Radstocka|None uhićeni|None 17-godišnjak,|None dva|None 18-godišnjaka|None i|None 20-godišnjak,|None rekla|None je|None policija|None Avona|None i|None Somerseta.|None 
Policija|None traži|None da|None se|None jave|None svi|None koji|None možda|None imaju|None telefonsku|None snimku|None događaja.|None 
Keith|None Green:|None relevantan|None za|None sva|None vremena|None 
Iako|None je|None prošlo|None više|None od|None 30|None godina|None otkako|None je|None Keith|None napustio|None ovaj|None svijet,|None njegova|None glazba|None i|None dalje|None odiše|None istinom.|None 
Ovo|None je|None jedan|None od|None prvih|None Keithovih|None albuma|None koji|None sam|None kupio|None nekad|NOUN_PHRASE davno|NOUN_PHRASE .|None 
Koji|None divan|None album|None hvalospjeva|None u|None kojem|None prolazi|None kroz|None psalme!|None 
Odličan|None dizajn|None i|None funkcije|None 
Kupili|None smo|None ga|None za|None putovanja|None automobilom|None i|None čitanje|None karata|None bez|None naprezanja|None očiju.|None 
Doista|None zgodan|None dizajn,|None dobar|None osjećaj|None na|None dodir.|None 
Nisam|None mogao|None pronaći|None gdje|None su|None baterije,|None poslao|None sam|None email|None službi|None za|None korisnike|None tvrtke|None Lightwedge|None i|None dobio|None sam|None odgovor|None u|None roku|None od|None 24|None sata.|None 
Ako|None vam|None je|None potreban|None ovakav|None proizvod,|None preporučujem|None baš|None ovaj.|None 
Premijer|None Modi|None poslao|None tweet|None u|None čast|None Jacquesa|None Chiraca|None kao|None pravog|None svjetskog|None političkog|None vođe|None i|None prijatelja|None Indije|None 
Indijski|None premijer|None Narendra|None Modi|None izrazio|None je|None sućut|None zbog|None smrti|None bivšeg|None francuskog|None predsjednika|None Jacquesa|None Chiraca|None te|None je|None izjavio|None da|None Indija|None tuguje|None zbog|None gubitka|None pravog|None svjetskog|None političkog|None vođe|None i|None prijatelja.|None 
Jacques|None Chirac,|None koji|None je|None podupro|None Indiju|None nakon|None što|None je|None 1998.|None provela|None nuklearna|None testiranja,|None u|None četvrtak|None je|None preminuo|None u|REPHRASING dobi|REPHRASING od|REPHRASING 86|None godina.|None Bio|None je|None predsjednik|None Francuske|None od|None 1995.|None do|None 2007.|None 
„Izražavam|None duboku|None sućut|None zbog|None smrti|None Jacquesa|None Chiraca.|None Indija|None tuguje|None zbog|None gubitka|None pravog|None svjetskog|None političkog|None vođe.|None Kao|None prijatelj|None Indije|None imao|None je|None presudnu|None ulogu|None u|None stvaranju|None i|None izgradnji|None strateškog|None partnerstva|None Indije|None i|None Francuske”,|None rekao|None je|None premijer|None Modi|None putem|None Twittera.|None 
Indija|None i|None Francuska|None imaju|None strateško|None partnerstvo|None koje|None je|None sklopljeno|None u|None siječnju|None 1998.|None tijekom|None prvog|None posjeta|None Jacquesa|None Chiraca|None Indiji.|None Ponovno|None je|None Indiju|None kao|None predsjednik|None posjetio|None 2006.|None 
Poznato|None je|None da|None je|None Jacques|None Chirac|None već|None dugo|None bio|None lošeg|None zdravlja.|None 
Savijeno|None crijevo|None s|None odvajanjem|ING vinilnog|None sloja|None –|None vraćeno!|None 
Čitao|None sam|None ocjene|None drugih|None korisnika|None koji|None su|None imali|None slične|None probleme|None prije|None nego|None što|None sam|None kupio|None ovo|None crijevo.|None 
Također|None sam|None pročitao|None jako|None pozitivne|None ocjene|None za|None ovo|None crijevo.|None 
Budući|None da|None se|None ova|None crijeva|None izrađuju|None od|None ostataka,|None pretpostavljam|None da|None je|None pitanje|None sreće|None koje|None crijevo|None ćete|None dobiti.|None 
Ja|None nisam|None imao|None sreće.|None 
Crijevo|None je|None imalo|None trajna|None oštećenja|None od|None savijanja,|None a|None vinilni|None je|None sloj|None imao|None mjehuriće|None na|None mjestima|None gdje|None se|None odvajao|None od|None crijeva.|None Odmah|None sam|None ga|None vratio.|None 
Gilmour|None radi|None odlične|None proizvode|None 
Za|None sve|None što|None trebam|None za|None radove|None na|None travnjaku|None ili|None u|None vrtu|None pokušavam|None pronaći|None proizvod|None marke|None Gilmour.|None 
Jednostavno|None su|None najbolji|None kad|None su|None u|None pitanju|None cijene|None i/ili|None jamstva.|None 
Ovo|None je|None crijevo|None tipičan|None Gilmourov|None proizvod.|None 
Čvrsto|None je|None i|None elastično|None i,|None kao|None i|None većina|None drugih|None proizvoda|None poduzeća|None Gilmour,|None dolazi|None uz|None doživotno|None jamstvo.|None 
Događalo|None mi|None se|None da|None presiječem|None crijevo|None kosilicom|None i|None oni|None ga|None svejedno|None zamijene.|None 
Kakvo|None poduzeće!|None 
Nije|None vrijedno|None novca|None 
Ovo|None je|None veoma|None jeftino|None izrađen|None proizvod.|None 
Ne|None bih|None ga|None platio|None ni|None jedan|None dolar.|None 
Papir|None je|None jeftin|None i|None tanak,|None a|None knjiga|None uopće|None ne|None želi|None ostati|None otvorena|None (bez|None rizika|None od|None deranja|None uveza),|None pa|None se|None ne|None može|None otvoriti|None i|None staviti|None na|None stalak|None klavirski|ORDER pri|None sviranju.|None Nemojte|None kupiti|None ovu|None verziju.|None 
Polaznik|None tečaja|None za|None njegu|None i|None šišanje|None pasa|None 
Trenutno|None pohađam|None tečaj|None za|None njegu/šišanje|None kućnih|None ljubimaca,|None a|None ovo|None je|None knjiga|None kojom|None se|None moja|None tvrtka|None koristi|None na|None tečaju|None za|None njegu|None i|None šišanje|None pasa|None u|None obuci|None svih|None polaznika.|None 
Ova|None je|None knjiga|None divna.|None 
Vrlo|None je|None korisno|None znati|None da|None možete|None okrenuti|None bilo|None koju|None stranicu|None u|None ovoj|None knjizi|None i|None pronaći|None pasminu|None koju|None tražite.|None 
Postoje|None i|None opće|None upute|None koje|None se|None odnose|None na|None mnoge|None pasmine|None (npr.|None pasmine|None s|None glavama|None koje|None podsjećaju|None na|None medvjeđu,|None itd.).|None 
Upute|None su|None jednostavne,|None ali|None dovoljno|None detaljne|None da|None ih|None svatko|None razumije.|None 
Ovu|None knjigu|None moraju|None imati|None sve|None osobe|None koje|None se|None bave|None njegom|None i|None šišanjem|None kućnih|None ljubimaca!|None 
Knjiga|None nije|None o|None šivanju|None krugova,|None nego|None o|None stavljanju|None krugova|None na|None poplun|None pomoću|None aplikacije|None 
Nadala|None sam|None se|None savjetima|None o|None šivanju|None krugova.|None 
Ova|None knjiga|None je|None o|None pričvršćivanju|None krugova|None na|None poplun|None flizelinom|None i|None pomoću|None aplikacije|None s|None neobrađenim|None rubom.|None 
Nema|None čak|None ni|None savjeta|None o|None aplikacijama.|None 
Knjiga|None barem|None ima|None samo|None 35|None stranica|None i|None nisam|None na|None nju|None potratila|None previše|None vremena.|None 
Sirija|None je|None spremna|None na|PREPOSITION povratak|None izbjeglica,|None kaže|None ministar|None vanjskih|None poslova|None 
Sirija|None poručuje|None da|None je|None spremna|None na|None dobrovoljni|None povratak|None izbjeglica|None i|None traži|None pomoć|None u|None obnovi|None države|None uništene|None ratom|None koji|None traje|None više|None od|None sedam|None godina.|None 
Obraćajući|None se|None Općoj|None skupštini|None Ujedinjenih|None naroda|None ministar|None vanjskih|None poslova|None Walid|None al-Moualem|None rekao|None je|None da|None se|None uvjeti|None u|None zemlji|None popravljaju.|None 
„Situacija|None na|None terenu|None danas|None je|None stabilnija|None i|None sigurnija|None zahvaljujući|None napretku|None učinjenom|None u|None borbi|None protiv|None terorizma”,|None rekao|None je.|None 
Vlada|None nastavlja|None obnavljati|None područja|None koja|None su|None teroristi|None uništili|None kako|None bi|None ih|None vratila|None u|None normalno|None stanje.|None 
XX|OMISSION Prisutni|None su|None svi|None uvjeti|None za|None dobrovoljan|None povratak|None izbjeglica|None u|None državu|None koju|None su|None morali|None napustiti|None zbog|None terorizma|None i|None jednostranih|None ekonomskih|None sankcija|None koje|None su|None utjecale|None na|None njihov|None svakodnevni|None život|None i|None egzistenciju.|None 
UN|None procjenjuje|None da|None je|None od|None početka|None rata|None 2011.|None zemlju|None napustilo|None više|None od|None 5,5|None milijuna|None Sirijaca.|None 
Još|AMBIGUITY šest|None milijuna|None ljudi|None koji|None i|None dalje|None žive|None u|None zemlji|None trebaju|None humanitarnu|None pomoć.|None 
Al-Moualem|None je|None izjavio|None da|None bi|None sirijskom|None režimu|None dobro|None došla|None pomoć|None u|None obnovi|None uništene|None zemlje.|None 
No|None naglasio|None je|None da|None neće|None prihvatiti|None uvjetovanu|None potporu|None ili|None pomoć|None od|None zemalja|None koje|None su|None podupirale|None pobunu.|None 
Cromwellov|None kip|None ispred|None parlamenta|None najnovija|None meta|None rasprave|None o|None „prepravljanju|None povijesti”|None 
Njegovo|None bi|None uklanjanje|None bilo|None poetska|None pravda|None za|None pravo|None talibansko|None uništavanje|None mnogih|None engleskih|None kulturnih|None i|None vjerskih|None artefakata|None koje|None su|None uništili|MISTRANSLATION njegovi|None fanatični|None puritanski|None sljedbenici.|None 
Međutim,|None udruga|None Cromwell|None Society|None opisala|None je|None Crickov|None prijedlog|None kao|None „ludost”|None i|None „pokušaj|None prepravljanja|None povijesti”.|None 
John|None Goldsmith,|None predsjednik|None udruge|None Cromwell|None Society,|None rekao|None je:|None „U|None okviru|None trenutačne|None debate|None o|None uklanjanju|None kipova|None bilo|None je|None neizbježno|None da|None će|None lik|None Olivera|None Cromwella|None ispred|None Westminsterske|None palače|None biti|None na|None meti.|None 
Cromwell|None nije|None naredio|None niti|None provodio|None ikonoklazam|None u|None Engleskom|None građanskom|None ratu.|None 
Možda|None bi|None krivi|None Cromwell|None ispaštao|None za|None postupke|None svojeg|None pretka|None Thomasa|None u|None prethodnom|None stoljeću.|None 
Veličanstvena|None reprezentacija|None Cromwella|None koju|None je|None izradio|None Sir|None William|None Hamo|None Thorneycroft|None dokaz|None je|None prevladavajućeg|None mišljenja|None iz|None 19.|None stoljeća|None i|None dio|None je|None historiografije|None osobe|None za|None koju|None mnogi|None i|None dalje|None smatraju|None da|None je|None vrijedna|None veličanja.|None 
Goldsmith|None je|None izjavio|None za|None The|None Sunday|None Telegraph:|None „Mnogi,|None možda|None njih|None više|None u|None kasnom|None 19.|None stoljeću|None nego|None danas,|None smatraju|None da|None je|None Cromwell|None branitelj|None parlamenta|None od|None vanjskog|None pritiska,|None što|None je|None u|None ovom|None slučaju,|None naravno,|None monarhija.|None 
Je|None li|None to|None potpuno|None točan|None prikaz|None predmet|None je|None kontinuirane|None povijesne|None debate.|None 
No|None sigurno|None je|None da|None je|None sukob|None sredinom|None 17.|None stoljeća|None oblikovao|None razvoj|None naše|None nacije,|None a|None Cromwell|None je|None prepoznatljivi|None pojedinac|None koji|None predstavlja|None jednu|None stranu|None u|None tom|None sukobu.|None 
Njegova|None postignuća|None kao|None Lorda|None zaštitnika|None također|None su|None vrijedna|None veličanja|None i|None spomena.”|None 
Izuzetno|None informativno|None 
Ovo|None je|None izvanredna|None knjiga!|None 
Dobio|None sam|None ovu|None knjigu|None kao|None priručnik|None na|None obuci|None za|None profesionalnog|None frizera|None za|None pse|None i|None bila|None mi|None je|None stvarno|None korisna|None i|None informativna!|None 
Upute|None su|None vrlo|None detaljne|None i|None nikad|None vam|None neće|None ostati|None milijun|None neodgovorenih|None pitanja,|None a|None istovremeno|None su|None dovoljno|None jednostavne|None da|None ih|None svatko|None može|None razumjeti.|None 
Ovo|None je|None knjiga|None koju|None morate|None imati|None 
Ova|None je|None igra|None dosadna.|None 
Kvaliteta|None figurica|None je|None vrlo|None dobra,|None ali|None vrlo|None je|None malo|None interakcije|None među|None igračima,|None snaga|None čudovišta|None nema|None nikakvog|None smisla|None i|None nema|None načina|None da|None unaprijedite|None svoje|None likove.|None 
Pa|None ako|None ste|None zainteresirani|None za|None igru|None koja|None potpuno|None ovisi|None o|None sreći,|None onda|None je|None ovo|None igra|None za|None vas.|None 
OOOOOOOODLIČNO|None 
Zadivljena|None sam|None cijenom|None i|None kvalitetom|None ovog|None proizvoda,|None Zadivljena|None sam|None i|None Amazonovom|None brzom|None dostavom|None jer|None sam|None ga|None dobila|None za|None 4|None dana,|None Nije|None se|None uvrnulo|None i|None odlično|None je|None kao|None i|None crijevo|None koje|None sam|None prethodno|None imala|None i|None koje|None sam|None ostavljala|None u|None vrtu|None tijekom|None svih|None godišnjih|None doba|None i|None čak|None razvlačila|None preko|None kolnog|None prilaza,|None Ali|None trajalo|None je|None dobrih|None 5|None godina|None uz|None svo|None to|None grubo|None rukovanje,|None Preporučila|None bih|None ga|None svakome,|None Hvala|None 
Jedina|None podloga|None koju|None koristim!|None 
Ne|None mogu|None je|None više|None pronaći|None u|None lokalnim|None trgovinama,|None a|None zaista|None ima|None dugotrajan|None i|None kvalitetan|None učinak.|None 
Ne|None topi|None se|None na|None vrućinama|None u|None Floridi|None i|None dovoljno|None je|None prozračna|None da|None bude|None prirodna,|None ali|None istovremeno|None dobro|None prekrije|None nepravilnosti.|None 
Koristim|None je|None već|None 5|None –|None 6|None godina.|None 
Ako|None tražite|None sitnu|None knjigu|None za|None ukras|None obožavat|None ćete|None ovo|None 
Oduvijek|None sam|None voljela|None knjigu|None The|None Prophet|None i|None mnogo|None sam|None je|None puta|None pročitala.|None 
Poklonila|None sam|None svoj|None zadnji|None primjerak|None i|None tražila|None sam|None zamjenu|None za|None njega.|None 
Kupila|None sam|None ovaj|None primjerak,|None ali|None nisam|None očekivala|None da|None će|None to|None biti|None sitna|None verzija|None knjige|None za|None ukras.|None 
Ako|None tražite|None nešto|None malo|None što|None možete|None držati|None u|None torbici,|None onda|None je|None ovo|None knjiga|None za|None vas.|None 
Ako|None tražite|None „pravu|None knjigu”,|None onda|None je|None ovo|None stvarno|None smiješno.|None 
vrlo|None prikladno|None –|None voljela|None bih|None da|None ima|None i|None navlaku|None 
Nosim|None ga|None u|None torbi|None (za|None svaki|None slučaj).|None 
Morat|None ću|None napraviti|None malu|None navlaku|None da|None smanjim|None količinu|None mucica|None i|None ogrebotina|None koje|None nastaju|None na|None njemu.|None 
Dobre|None je|None kvalitete|None i|None idealne|None veličine|None –|None nije|None preveliko|None da|None bi|None bilo|None nezgrapno|None ni|None premalo|None da|None bi|None bilo|None neučinkovito.|None 
užasnog|None je|None okusa|None 
Dok|None sam|None služio|None kaznu|None u|None meksičkom|None zatvoru,|None ovo|None je|None bilo|None jedino|None piće|None koje|None su|None imali.|None 
Morali|None smo|None ga|None miješati|None s|None kozjim|None mlijekom|None i|None grijati|None ga|None na|None otvorenoj|None vatri|None u|None dvorištu.|None 
Okus|None je|None užasan.|None 
Nije|None ugodan|None poput|None okusa|None guste|None vruće|None čokolade|None kakvu|None imaju|None u|None Madridu.|None 
LeBron|None prvi|None put|None igra|None za|None Lakerse|None u|None nedjelju|None u|None San|None Diegu|None 
Obožavatelji|None će|None napokon|None moći|None vidjeti|None dugo|None očekivani|None prvi|None nastup|None LeBrona|None Jamesa|None za|None Los|None Angeles|None Lakerse.|None 
Trener|None Lakersa|None Luke|None Walton|None najavio|None je|None da|None će|None James|None igrati|None u|None prvoj|None utakmici|None predsezone|None protiv|None Denver|None Nuggetsa|None u|None nedjelju|None u|None San|None Diegu.|None 
Još|None nije|None poznato|None koliko|None će|None minuta|None igrati.|None 
„Više|None od|None jedne|None i|None manje|None od|None 48”,|None izjavio|None je|None Walton|None na|None službenim|None internetskim|None stranicama|None Lakersa.|None 
Novinar|None Mike|None Trudell,|None koji|None izvještava|None o|None Lakersima,|None na|None Twitteru|None je|None objavio|None da|None će|None James|None vjerojatno|None igrati|None ograničen|None broj|None minuta.|None 
Nakon|None treninga|None ranije|None ovaj|CASE tjedan|CASE ,|None Jamesa|None su|None pitali|None koji|None su|None njegovi|None planovi|None za|None šest|None utakmica|None predsezone|None koje|None će|None Lakersi|None igrati.|None 
„U|None ovoj|None fazi|None karijere|None ne|None trebam|None utakmice|None u|None predsezoni|None da|None bih|None se|None pripremio”,|None odgovorio|None je|None James.|None 
SAD|None razmatrao|None sankcioniranje|None El|None Salvadora|None zbog|None potpore|None Kini,|None ali|None odustao|None 
Diplomati|None su|None napomenuli|None da|None su|None Dominikanska|None Republika|None i|None Panama|None već|None priznale|None Peking|None bez|None previše|None otpora|None iz|None Washingtona.|None 
Trump|None je|None u|None lipnju|None 2017.|None održao|None prijateljski|None sastanak|None s|None predsjednikom|None Paname|None Juanom|None Carlosom|None Varelom|None i|None imao|None je|None hotel|None u|None Panami|None dok|None partneri|None nisu|None izbacili|None rukovodeći|None tim|None Trumpove|None organizacije.|None 
Dužnosnici|None američkog|None ministarstva|None vanjskih|None poslova|None odlučili|None su|None opozvati|None američke|None veleposlanike|None iz|None El|None Salvadora,|None Dominikanske|None Republike|None i|None Paname|None zbog|None „nedavnih|None odluka|None o|None tome|None da|None više|None neće|None priznati|None Tajvan”,|None izjavila|None je|None glasnogovornica|None ministarstva|None Heather|None Nauert|None ranije|None ovaj|CASE tjedan|CASE+MISTRANSLATION .|None 
Međutim,|None sankcije|None su|None razmatrane|None samo|None za|None El|None Salvador,|None koji|None je|None prema|None procjenama|None 2017.|None od|None SAD-a|None primio|None potporu|None vrijednosti|None 140|None milijuna|None USD,|None među|None ostalim|None za|None kontrolu|None narkotika,|None razvoj|None i|None gospodarsku|None podršku.|None 
Predložene|None sankcije,|None koje|None su|None uključivale|None smanjenje|None financijske|None pomoći|None i|None ciljana|None ograničenja|None viza,|None teško|None bi|None pogodile|None tu|None zemlju|None Središnje|None Amerike|None s|None visokim|None stopama|None nezaposlenosti|None i|None ubojstava.|None 
Kako|None su|None se|None odvijali|None unutarnji|None sastanci,|None sjevernoamerički|None i|None srednjoamerički|None dužnosnici|None odgodili|None su|None konferenciju|None visoke|None razine|None usmjerenu|None na|None sigurnost|None i|None gospodarski|None napredak|None koja|None je|None trebala|None biti|None nastavak|None na|None slično|None događanje|None održano|None prošle|None godine,|None koje|None se|None smatralo|None korakom|None naprijed|None u|None nastojanjima|None sprječavanja|None dolazaka|None migranata|None u|None SAD.|None 
No|None visoki|None dužnosnici|None vlade|None do|None sredine|None rujna|None jasno|None su|None dali|None do|None znanja|None da|None žele|None da|None se|None konferencija|None održi,|None čime|None je|None okončano|None razmatranje|None sankcija|None za|None El|None Salvador.|None 
Potpredsjednik|None SAD-a|None Mike|None Pence|None trebao|None bi|None govoriti|None na|None konferenciji|None koja|None je|None sada|None zakazana|None za|None sredinu|None listopada,|None kako|None bi|None signalizirao|None koliko|None je|None to|None događanje|None važno|None vladi,|None rekli|None su|None diplomati.|None 
XX|OMISSION Opozvani|None američki|None veleposlanici|None potiho|None su|None se|None vratili|None u|None El|None Salvador,|None Panamu|None i|None Dominikansku|None Republiku|None bez|None novih|None ozbiljnih|None poruka|None ili|None sankcija|None iz|None Washingtona.|None 
Boltonov|None glasnogovornik|None iz|None Bijele|None kuće|None odbio|None je|None komentirati|None pojedinosti|None debate|None koju|None su|None opisala|None tri|None američka|None dužnosnika,|None među|None njima|None dva|None diplomata,|None koja|None su|None pristala|None razgovarati|None o|None unutarnjim|None raspravama|None pod|None uvjetom|None da|None ostanu|None anonimni.|None 
Njihove|None izjave|None potvrdio|None je|None vanjski|None analitičar|None blizak|None vladi,|None koji|None je|None također|None zatražio|None da|None ostane|None anoniman.|None 
Predivna...|None 
Predivna|None u|None svakom|None pogledu,|None dobro|None napisana,|None vrhunska|None fotografija|None i|None fantastične|None upute...|None Ova|None se|None knjiga|None jednostavno|None mora|None imati...|None bilo|None da|None je|None upotrebljavate|None kao|None stolić|None ili|None kao|None knjigu|None iz|None koje|None ćete|None nešto|None naučiti,|None ovo|None je|None definitivno|None knjiga|None koja|None zaslužuje|None istaknuto|None mjesto|None u|None vašoj|None kulinarskoj|None biblioteci...|None 
Jednu|None sam|None poklonila...i|None osoba|None koja|None je|None dobila|None tu|None knjigu|None bila|None je|None oduševljena.|None 
Vulkan|None izbacuje|None pepeo|None po|None Mexico|None Cityju|None 
Pepeo|None iz|None vulkana|None Popocatepetl|None stigao|None je|None do|None južnih|None četvrti|None glavnoga|None grada|None Meksika.|None 
Nacionalni|None centar|None za|None prevenciju|None katastrofa|None u|None subotu|None je|None upozorio|None Meksikance|None da|None se|None drže|None podalje|None od|None vulkana|None nakon|None što|None je|None u|None krateru|None došlo|None do|None aktivnosti|None i|None nakon|None što|None su|None tijekom|None 24|None sata|None zabilježene|None 183|None emisije|None plina|None i|None pepela.|None 
Centar|None je|None nadzirao|None više|None pojava|None tutnjave|None i|None podrhtavanja|None tla.|None 
Na|None slikama|None na|None društvenim|None mrežama|None prikazuju|None se|None automobili|None s|None tankim|None slojem|None pepela|None na|None vjetrobranima|None u|None četvrtima|None Mexico|None Cityja|None kao|None što|None je|None Xochimilco.|None 
Otkad|None je|None potres|None jačine|None 7,1|None stupnja|None pogodio|None središnji|None Meksiko|None u|None rujnu|None 2017.|None godine,|None geofizičari|None primjećuju|None povećanje|None aktivnosti|None vulkana|None koji|None se|None nalazi|None 72|None kilometra|None (45|None milja)|None jugoistočno|None od|None glavnoga|None grada.|None 
Vulkan|None poznat|None kao|None „Don|None Goyo”|None aktivan|None je|None od|None 1994.|None godine.|None 
Ovo|None je|None proizvod|None koji|None sam|None tražila.|None 
Ovo|None je|None proizvod|None koji|None sam|None tražila.|None 
Nakon|None tri|None tjedna|None više|None nema|None tamnih|None mrlja.|None 
Više|None nemam|None potrebu|None za|None teškim|None podlogama|None za|None prekrivanje|None nepravilnosti;|None dovoljna|None je|None obična|None tekuća|None podloga,|None a|None moja|None je|None koža|None prekrasno|None čista.|None Ovo|None je|None dobar|None proizvod.|None 
Pri|None redovitoj|None upotrebi|None uklanja|None mrljice|None s|None mog|None lica|None i|None tamne|None mrlje|None s|None mojih|None laktova.|None 
vrlo|None loš|None životni|None vijek|None 
Isprva|None su|None odlične.|None 
Snažne,|None dobro|None drže|None punjenje.|None 
Ali|None nakon|None samo|None 20,|None možda|None maksimalno|None 30|None punjenja,|None neke|None od|None baterija|None više|None jednostavno|None ne|None rade.|None 
Ili|None ne|None drže|None punjenje|None dulje|None od|None jedne|None noći.|None 
Stvarno|None loše.|None 
Kupio|None sam|None 5|None ili|None 6|None (4|None pakiranja)|None baterija,|None a|None više|None od|None polovice|None ih|None je|None beskorisno.|None 
Posvećenost|None me|None prožela!|None 
Volim|None pjesme|None na|None ovom|None albumu|None i|None kako|None se|None Keith|None ponovo|None fokusira|None na|None Dobrog|None Pastira,|None našega|None Gospodina|None Isusa.|None 
Pjesme|None su|None bezvremenske,|None posvećenost|None je|None jasna|None čak|None i|None nakon|None svih|None ovih|None godina|None od|None kada|None su|None te|None pjesme|None napisane.|None 
Mislim|None da|None je|None siguran|None znak|None posvećenosti|None vidjeti|None kako|None nam|None ostaju|None plodovi|None rada.|None 
Nedostaju|None dijelovi,|None jeftina|None izrada|None 
Dobio|None sam|None komplet|None bez|None nekih|None dijelova.|None 
Sve|None je|None bilo|None razbacano,|None samo|None je|None nekoliko|None dijelova|None bilo|None na|None svojem|None mjestu.|None 
Nakon|None što|None sam|None ga|None pregledao|None i|None stavio|None sve|None na|None svoje|None mjesto,|None odlučio|None sam|None ga|None vratiti.|None 
Dijelovi|None su|None izgledali|None loše|None kvalitete|None i|None komplet|None općenito|None izgleda|None jeftino.|None 
Nisam|None ga|None ni|None pokušao|None upotrijebiti...samo|None sam|None ga|None zapakirao|None i|None poslao|REPHRASING natrag|REPHRASING .|None 
Kakvo|None razočarenje.|None 
Londonderry:|None muškarci|None uhićeni|None nakon|None zabijanja|None automobilom|None u|None kuću|None 
Tri|None muškarca|None u|None dobi|None od|None 33,|None 34|None i|None 39|None godina|None uhićena|None su|None nakon|None što|None su|None se|None više|None puta|None zabili|None autom|None u|None kuću|None u|None Londonderryju.|None 
Incident|None se|None dogodio|None u|None ulici|None Ballynagard|None Crescent|None u|None četvrtak|None oko|None 19:30|None po|None britanskom|None standardnom|None vremenu.|None 
Inspektor|None Bob|None Blemmings|None rekao|None je|None da|None su|None oštećena|None dvorišna|None vrata|None i|None sama|None kuća.|None 
U|None nekom|None je|None trenutku|None automobil|None možda|None i|None pogođen|None samostrelom.|None 
Početnici,|None oprez|None 
Evo|None u|None čemu|None je|None stvar|None s|None ovom|None pedalom.|None 
Jeftina|None je|None i|None možete|None dobiti|AMBIGUITY bolju|None pedalu|None koja|None je|None tek|None malo|None skuplja,|None a|None ponekad|None i|None jeftinija.|None 
Po|None mom|None mišljenju,|None ako|None distorzijsku|None pedalu|None kupujete|None za|None manje|None od|None 100|None dolara,|None bez|None obzira|None na|None to|None radi|None li|None se|None o|None vašoj|None prvoj|None pedali|None ili|None 700.|None pedali,|None za|None još|None nekoliko|None dolara|None dobit|None ćete|None sjajnu|None MXR|None distorziju|None koja|None ima|None mnogo|None jasniji|None zvuk.|None 
Nije|None neka|None kvaliteta!|None 
Imao|None je|None sve|None značajke|None pravog|None proizvoda|None marke|None Samsung,|None ali|None kabel|None je|None prestao|None raditi|None nakon|None tri|None dana.|None 
Nisam|None uznemiren|None jer|None je|None bio|None vrlo|None jeftin,|None ali|None možda|None bi|None bilo|None dobro|None potrošiti|None malo|None više|None i|None kupiti|None bolji|None proizvod|None negdje|None drugdje,|None a|None ne|None na|None Amazonu.|None 
Dok|None je|None radio,|None radio|None je|None vrlo|None dobro.|None 
Savršeno!|None 
Bila|None sam|None zabrinuta|None zbog|None ove|None narudžbe|None jer|None se|None slika|None na|None stranici|None s|None opisom|None stalno|None mijenjala|None u|None zeleno-narančastu|None masku|None koja|None izgleda|None lošije.|None 
Ali|None na|None kraju|None je|None došla|None dan|None prije|None očekivanog|None i|None dobila|None sam|None prekrasan|None rozi|None proizvod|None koji|None sam|None očekivala!|None 
„Gumenasta”|None maska|None daje|None pomalo|None mastan|None osjećaj|None pod|None prstima|None (kao|None da|None je|None pošpricana|None zaštitnim|None sprejem),|None ali|None dizajn|None je|None predivan|None i|None izgleda|None pomalo|None 3D!|None 
Razočarana|None sam|None što|None sam|None mogla|None kupiti|None samo|None 4,|None a|None pisalo|None je|None da|None ih|None je|None raspoloživo|None 14.|None 
Imamo|None puno|None primjeraka|None vrlo,|None vrlo|None starog|None izdanja.|None 
Ali|None njihov|None se|None broj|None smanjio.|None 
Nije|None bilo|None dovoljno|None knjiga|None da|None bismo|None ih|None mogli|None redovito|None upotrebljavati.|None 
Uz|None dodatne|None primjerke|None knjige|None će|None se|None češće|None upotrebljavati.|None 
Dobra|None su|None stara|None rezerva|None za|None pjevanje|None gospela.|None 
Jako|None ZABAVNO!!|None Vrlo|None JEFTINO!!!|None 
Imamo|None istu|None igru,|None ali|None napravljena|None je|None 1967.,|None samo|None smo|None mislili|None da|None će|None novija|None verzija|None biti|None modernija,|None ali|None stara|None nam|None se|None više|None sviđa!!|None 
Pločice|None na|None ovoj|None igri|None napravljene|None su|None od|None kartona,|None a|None mali|None stalak|None na|None koji|None stavljate|None dijelove|None isto|None je|None napravljen|None od|None vrlo|None jeftinog|None kartona!!|None 
Ovu|None smo|None igru|None proslijedili|None dalje|None i|None zadržali|None našu|None staru!|None 
!|None 
Ne|None isplati|None se.|None 
Kad|None sam|None kupio|None ovaj|None komplet,|None bio|None je|None skuplji|None nego|None da|None sam|None kupio|None tri|None DVD-a|None odvojeno.|None 
Nažalost,|None to|None sam|None prekasno|None primijetio.|None 
Pogriješio|None sam.|None 
Ali|None koja|None je|None to|None logika?|None Uostalom,|None mojim|None se|None mačkama|None nisu|None svidjeli|None ti|None DVD-ovi.|None 
Zapravo,|None više|None ih|None „nisu|None zanimali”|None nego|None što|None im|None se|None „nisu|None svidjeli”.|None 
Svejedno|None je|None je|None li|None TV|None isključen|None ili|None se|None prikazuje|None „Cat|None Sitter”.|None I|None ti|None su|None DVD-ovi|None stvarno|None jeftini.|None 
Uvijek|None iste|None snimke,|None iste|None životinje|None i|None isti|None zvukovi.|None 
Mislim,|None kakvog|None smisla|None ima|None slušati|None ptice,|None a|None gledati|None ribe?|None 
Ti|None su|None DVD-ovi|None više|None zabavili|None mene|None nego|None moje|None mačke.|None 
Uspomene|None 
Moja|None svekrva|None je|None kupila|None ovu|None videosnimku|None mojoj|None kćeri|None kad|None je|None bila|None mala.|None 
Neki|None dan|None sam|None tražila|None videosnimke|None za|None svoju|None trogodišnju|None unuku|None i|None pronašla|None sam|None je.|None 
Moja|None unuka|None OBOŽAVA|None ovu|None videosnimku.|None 
Stalno|None je|None gleda|None PONOVNO|None i|None PONOVNO|None i|None PONOVNO.|None 
Malo|None je|None starija,|None zastarjela|None i|None otrcana,|None ali|None ona|None je|None obožava!|None 
Čak|None pjevamo|None i|None pjesmice!|None 
Jeste|None li|None promijenili|None formulu|None za|None gumu?|None 
Hej|None Gilmour,|None kupujem|None vaša|None crijeva|None godinama,|None i|None to|None samo|None vaša|None crijeva.|None 
Stojite|None iza|None svog|None proizvoda|None i|None pružate|None odličnu|None korisničku|None podršku.|None 
Ali|None dajem|None vam|None samo|None 4|None zvjezdice|None jer|None mi|None se|None čini|None da|None se|None ovo|None crijevo|None i|None crijevo|None od|None 30|None metara|None koje|None sam|None kupio|None prije|None nekoliko|None mjeseci|None savijaju|None više|None nego|None moji|None stariji|None Flexogen|None modeli,|None ali|None nisam|None siguran|None zašto?|None 
NIJE|None CLAPTONOV|None GLAZBENI|None SPOT!|None Naučite|None svirati|None gitaru|None POPUT|None Claptona|None 
Kupio|None sam|None ovaj|None DVD|None i|None vratit|None ću|None ga.|None 
Opis|None i|None urednička|None recenzija|None ostavljaju|None pogrešan|None dojam.|None 
Ovo|None NIJE|None Claptonov|None video.|None 
Neki|None su|None isječci|None sigurno|None Claptonovi,|None ali|None u|None globalu|None je|None ovo|None video|None za|None učenje|None sviranja.|None 
Isto|None vrijedi|None i|None za|None Clapton|None -|None The|None Early|None Years!|None 
ANNO|None 2070|None 
Ne|None mogu|None igrati|None ovu|None igru.|None 
Unisoft|None ju|None je|None učinio|None neupotrebljivom|None ako|None niste|None stručnjak|None za|None tehnologiju.|None 
(|None Više|None puta|None sam|None je|None pokušao|None pokrenuti.)|None 
Samo|None želim|None igrati|None doma|None bez|None internetske|None veze|None i|AMBIGUITY zbog|None nekog|None razloga|None se|None neće|None pokrenuti|None na|None računalu.|None 
Vjerojatno|None više|None nikad|None neću|None kupiti|None UNI-SOFT-ovu|None igru|None ili|None proizvod...|None 
Pronašla|None sam|None sveti|None gral|None kozmetike|None za|None kožu|None 
Ovisnica|None sam|None o|None proizvodima|None za|None uljepšavanje.|None 
Nakon|None što|None sam|None kroz|None godine|None isprobala|None na|None desetke,|None ako|None ne|None i|None stotine|None podloga,|None toniranih|None hidratantnih|None krema|None i|None korektora,|None napokon|None u|None svojoj|None 30.|None godini|None mogu|None prestati|None s|None potragom|None jer|None sam|None u|None Macelyju|None pronašla|None svoj|None sveti|None gral|None kozmetike|None za|None kožu|None 
Novo|None cjepivo|None za|None rak|None može|None naučiti|None imunosni|None sustav|None da|None „vidi”|None zloćudne|None stanice|None 
Novo|None cjepivo|None za|None rak|None može|None naučiti|None imunosni|None sustav|None da|None „vidi”|None i|None eliminira|None zloćudne|None stanice|None 
Cjepivo|None u|None sklopu|None liječenja|None uči|None imunosni|None sustav|None da|None prepozna|None zloćudne|None stanice|None 
Metoda|None uključuje|None uzimanje|None stanica|None pacijentova|None imunosnog|None sustava|None i|None njihovo|None mijenjanje|None u|None laboratoriju|None 
Stanice|None mogu|None „vidjeti”|None protein|None uobičajen|None za|None mnoge|None vrste|None raka|None i|None potom|None se|None ponovno|None ubrizgavaju|None pacijentu.|None 
Pokusno|None cjepivo|None pokazuje|None obećavajuće|None rezultate|None kod|None pacijenata|None s|None različitim|None vrstama|None raka.|None 
Rak|None jajnika|None žene|None liječene|None cjepivom|None koje|None uči|None imunosni|None sustav|None da|None prepozna|None zloćudne|None stanice|None nestao|None je|None na|None više|None od|None 18|None mjeseci.|None 
Metoda|None uključuje|None uzimanje|None stanica|None pacijentova|None imunosnog|None sustava,|None njihovo|None mijenjanje|None u|None laboratoriju|None na|None način|None da|None mogu|None „vidjeti”|None protein|None HER2|None uobičajen|None za|None mnoge|None vrste|None raka|None te|None njihovo|None ponovno|None ubrizgavanje|None pacijentu.|None 
Profesor|None Jay|None Berzofsky|None s|None Američkog|None nacionalnog|None instituta|None za|None rak|None u|None Bethesdi,|None u|None američkoj|None saveznoj|None državi|None Maryland,|None ističe:|None „Rezultati|None daju|None naslutiti|None da|None imamo|None vrlo|None obećavajuće|None cjepivo.”|None 
HER2|None „upravlja|None rastom|None više|None vrsta|None raka”,|None uključujući|None rak|None dojke,|None jajnika,|None pluća|None i|None debelog|None crijeva,|None objasnio|None je|None prof.|None Berzofsky.|None 
Sličan|None pristup|None uzimanja|None imunosnih|None stanica|None pacijenata|None i|None njihovo|None „podučavanje”|None kako|None da|None ciljano|None napadaju|None stanice|None raka|None bio|None je|None učinkovit|None u|None liječenju|None jedne|None vrste|None leukemije.|None 
Njegov|None posljednji|None album|None usmjeren|None je|None na|None slavu|None 
Keith|None Green|None /|None Songs|None for|None the|None Shepherd:|None njegovi|None raniji|None albumi|None bili|None su|None fokusiraniji|None na|None poticanje|None i|None usmjeravanje|None prema|None Crkvi.|None 
Ovaj,|None njegov|None posljednji|None album,|None usmjeren|None je|None na|None slavu.|None 
Nije|None odličan|None kao|None njegov|None prvi|None album,|None ali|None je|None dovoljno|None solidan|None album|None na|None temu|None slave|None da|None zaslužuje|None pet|None zvjezdica.|None 
Baš|None ono|None što|None sam|None tražila|None 
Ovo|None je|None povećalo|None baš|None ono|None što|None sam|None tražila.|None 
Malo|None je|None i|None lako|None ga|None je|None držati.|None 
Htjela|None sam|None nešto|None za|None čitanje|None malih|None brojeva/znakova|None na|None elektroničkim|None predmetima|None poput|None računala,|None elektronike|None itd.|None 
Može|REPHRASING se|REPHRASING koristiti|REPHRASING i|None unutar|None računala|None te|None je|None odlično|None za|None gledanje|None malih|None stvari.|None 
Ne|None želim|None povećavati|None sadržaj|None knjiga|None i|None časopisa.|None 
Svjetlo|None radi|None dobro|None i|None jako|None olakšava|None čitanje|None malih|None stvari.|None 
Baterija|None se|None odmah|None ispraznila.|None 
Da|None barem|None mogu|None dati|None bolju|None recenziju.|None 
Čini|None mi|None se|None da|None je|None koncept|None sjajan|None i|None bila|None sam|None tako|None uzbuđena|None što|None ću|None to|None kupiti|None sinu.|None 
Ali|None baterija|None se|None ispraznila|None nakon|None 2|None dana,|None a|None naravno|None da|None treba|None kupiti|None malu|None i|None skupu|None posebnu|None bateriju.|None 
Nisam|None impresionirana.|None 
Sjajna|None crijeva|None 
Dobra|None tvrtka|None iz|None SAD-a|None koja|None stoji|None iza|None svojih|None proizvoda.|None 
Trebao|None sam|None iskoristiti|None jamstvo|None za|None dva|None crijeva|None i|None poslali|None su|None mi|None zamjene|None bez|None zadrške.|None 
Jedno|None mi|None je|None puklo|None nakon|None nekog|None vremena.|None Izbočina|None se|None vidjela|None tjednima|None prije|None toga,|None pa|None se|None nisam|None iznenadio.|None 
Drugo|None se|None oštetilo|None zbog|None zime|None jer|None sam|None nemaran|None pa|None ih|None ostavljam|None na|None otvorenom|None većinu|None vremena.|None 
Toplo|None preporučujem.|None 
Napomenuo|None bih|None da|None je|None crijevo|None od|None 30|None metara|None teško|None i|None kad|None ga|None trebam|None spremiti|None imam|None osjećaj|None da|None se|None hrvam|None s|None anakondom,|None ali|None ima|None daleki|None doseg.|None 
Zvijezda|None televizijske|None serije|None Still|None Game|None započinje|None novu|None karijeru|None u|None restoranskoj|None industriji|None 
Čini|None se|None da|None zvijezda|None serije|None Still|None Game,|None Ford|None Kiernan,|None započinje|None karijeru|None u|None ugostiteljskoj|None industriji|None nakon|None što|None je|None otkriveno|None da|None je|None imenovan|None za|None direktora|None licenciranog|None lanca|None restorana.|None 
56-godišnjak|None glumi|None Jacka|None Jarvisa|None u|None popularnoj|None BBC-jevoj|None emisiji|None u|None kojoj|None je|None ujedno|None i|None scenarist,|None a|None s|None njim|None glumi|None i|None njegov|None dugogodišnji|None glumački|None partner|None u|None komedijama,|None Greg|None Hemphill.|None 
Dvojac|None je|None objavio|None da|None će|None nadolazeća|None deveta|None serija|None biti|None posljednja|None i|None čini|None se|None da|None Kiernan|None planira|None život|None nakon|None Craiglanga.|None 
Prema|None službenim|None zapisima,|None on|None je|None direktor|None tvrtke|None Adriftmorn|None Limited.|None 
Glumac|None je|None odbio|None komentirati|None tu|None priču,|None iako|None je|None izvor|None za|None The|None Scottish|None Sun|None dao|None naslutiti|None da|None Kiernan|None želi|None sudjelovati|None u|None „bogatoj|None restoranskoj|None industriji”|None u|None Glasgowu.|None 
Ovo|None nije|None pravi|None MAC-ov|None proizvod.|None To|None je|None lažnjak.|None Prodavač|None prodaje|None sve|None lažne|None MAC-ove|None proizvode.|None 
Ovo|None je|None krivotvoreni|None MAC-ov|None proizvod,|None upravo|None sam|None ga|None primila|None i|None jako|None sam|None se|None uzrujala|None kad|None sam|None shvatila|None da|None se|None ne|None radi|None o|None pravom|None MAC-u.|None 
Amazon|None bi|None trebao|None bolje|None nadzirati|None prodaju|None lažne|None šminke.|None 
MAC|None nije|None jeftin,|None pa|None kad|None vidite|None ovako|None nisku|None cijenu,|None trebate|None shvatiti|None da|None nešto|None nije|None u|None redu.|None 
Nemojte|None podržavati|None prodaju|None lažne|None šminke.|None 
Graham|None Dorrans|None iz|None Rangersa|None optimističan|None prije|None susreta|None s|None bečkim|None Rapidom|None 
Rangersi|None dočekuju|None bečki|None Rapid|None u|None četvrtak|None svjesni|None da|None bi|None ih|None pobjeda|None nad|None Austrijancima,|None nakon|None impresivnog|None remija|None u|None Španjolskoj|None protiv|None Villarreala|None ranije|None ovog|None mjeseca,|None dovela|None u|None sjajnu|None poziciju|None da|None se|None kvalificiraju|None u|None nastavak|None natjecanja|None iz|None Grupe|None G|None Europske|None lige.|None 
Zbog|None ozljede|None koljena|None veznjak|None Graham|None Dorrans|None imao|None je|None prvi|None nastup|None sezone|None tek|None u|None remiju|None 2|None :|None 2|None s|None Villarrealom,|None no|None uvjeren|None je|None da|None Rangersima|None taj|None rezultat|None može|None biti|None odskočna|None daska|None za|None veće|None uspjehe.|None 
„Ovaj|None nam|None je|None bod|None vrijedan|None jer|None je|None Villarreal|None dobra|None ekipa”,|None rekao|None je|None 31-godišnjak.|None 
„Ušli|None smo|None u|None susret|None vjerujući|None da|None možemo|None nešto|None ostvariti|None i|None na|None kraju|None uzeli|None bod.|None 
Možda|None smo|None krajem|None susreta|None mogli|None postići|None i|None pobjednički|None gol,|None ali|None sveukupno|None je|None neriješeni|None rezultat|None vjerojatno|None pošten.|None 
Oni|None su|None vjerojatno|None bili|None bolji|None u|None prvom|None dijelu,|None a|None mi|None smo|None se|None nametnuli|None u|None nastavku|None i|None bili|None bolja|None momčad.|None 
Što|None se|None tiče|None četvrtka,|None to|None je|None još|None jedna|None velika|None europska|None večer.|None 
Nadam|None se|None da|None možemo|None uzeti|None sva|None tri|None boda,|None ali|None bit|None će|None to|None teška|None utakmica|None jer|None su|None oni|None postigli|None dobar|None rezultat|None u|None svojoj|None prethodnoj|None utakmici,|None no|None uz|None publiku|None iza|None nas|None vjerujem|None da|None ćemo|None dodatno|None stisnuti|None i|None doći|None do|None pozitivnog|None rezultata.|None 
Prošla|None je|None godina|None definitivno|None bila|None teška|None uz|None sve|None što|None se|None dogodilo|None s|None mojim|None ozljedama|None i|None promjenama|None u|None klubu,|None ali|None sad|None imam|None dobar|None osjećaj|None ovdje|None gdje|None jesam.|None 
Momčad|None je|None dobra|None i|None dečki|None stvarno|None uživaju;|None treninzi|None su|None dobri.|None 
Vjerujem|None da|None sad|None možemo|None napredovati,|None zaboraviti|None na|None prošlu|None sezonu|None i|None biti|None uspješni.”|None 
NE|None VALJA|None 
SMEĆE!|None 
Ovaj|None je|None proizvod|None sigurno|None pogrešno|None označen.|None 
Ne|None mogu|None puniti|None Samsung|None S2|None ovim|None punjačem|None proizvođača|None originalne|None opreme.|None 
Svjetla|None su|None uključena,|None mobitel|None prikazuje|None da|None se|None puni,|None ali|None ništa|None se|None ne|None događa.|None 
Nisam|None siguran|None jesam|None li|None dobio|None neispravan|None proizvod,|None ali|None veoma|None je|None iritantno|None sjediti|None u|None autu|None satima|None i|None gledati|None kako|None se|None telefon|None ne|None puni.|None 
Ako|None trebate|None pouzdani|None punjač,|None NEMOJTE|None kupiti|None ovaj|None proizvod.|None Ako|None trebate|None automobilski|None punjač|None za|None Samsung|None S2,|None preporučio|None bih|None Motorolin|None električni|None adapter|None za|None vozila.|None 
On|None brzo|None puni|None i|None pouzdan|None je.|None 
Hvala|None Bogu|None što|None su|None skupi|None 
Da|None –|None ovi|None su|None slatkiši|None među|None najskupljima|None jer|None stižu|None samo|None iz|None uvoza.|None 
Ali|None moj|None Bože,|None kako|None su|None dobri.|None 
Ekipa|None iz|None KitKata|None mogla|None bi|None dobro|None zaraditi|None kad|None bi|None počela|None prodavati|None ove|None slatkiše|None u|None SAD-u.|None 
Jednom|None kad|None ih|None probate,|None ne|None možete|None dočekati|None još.|None 
Vrlo|None su|None ukusni|None i|None dopremaju|None se|None brzo|None i|None svježi.|None 
Odličan|None izbor|None crkvenih|None pjesama|None 
Ovo|None izdanje|None ima|None jako|None dobar|None izbor|None crkvenih|None pjesama,|None ali|None kvaliteta|None papira|None mogla|None bi|None biti|None bolja.|None 
Budući|None da|None se|None radi|None o|None knjizi|None koju|None će|None pjevači|None listati|None pomoću|None kažiprsta|AMBIGUITY i|None okretati|None stranice|None prema|None uputama,|None čini|None mi|None se|None da|None papir|None nije|None dovoljno|None kvalitetan|None da|None bi|None izdržao|None dugotrajnu|None upotrebu.|None 
Dva|None različita|None su|None se|None slomila|None 
Sjekač|None se|None neće|None lako|None otpustiti|None ako|None pokušate|None odrezati|None granu|None koja|None je|None malo|None predebela,|None a|None na|None udaljenosti|None od|None metar|None i|None pol|None nije|None uvijek|None lako|None primijetiti|None da|None je|None grana|None 3|None milimetra|None predebela.|None 
Zbog|None toga|None se|None slomio|None već|None drugi|None dan.|None 
Amazon|None ga|None je|None zamijenio|None drugim,|None koji|None se|None slomio|None zbog|None istog|None razloga,|None ali|None je|None bilo|None prekasno|None za|None povrat.|None 
Kupio|None sam|None drugi,|None skuplji|None s|None kojim|None sam|None zadovoljan|None i|None preporučio|None bih|None ga|None svakome:|None ARS|None LA-180ZR203|None teleskopski|None sjekač|None duljine|None od|None 1,2|None do|None 2,1|None metra|None 
Svadbene|None torte|None Marthe|None Stewart|None 
Kupila|None sam|None mnogo|None knjiga|None za|None ukrašavanje|None torti,|None ali|None ako|None tražite|None vodič|None za|None ukrašavanje|None torti,|None preporučujem|None vam|None da|None kupite|None knjigu|None autorice|None Colette|None Peters|None ili|None Peggy|None Porschen.|None 
Iako|None ova|None knjiga|None sadrži|None mnogo|None fotografija,|None daje|None vam|None neke|None informacije,|None ali|None ne|None dovoljno,|None i|None iskreno|None za|None tu|None bih|None cijenu|None radije|None kupila|None časopis|None za|None svadbene|None torte.|None 
Ova|None me|None knjiga|None razočarala,|None nije|None mi|None zapravo|None pomogla|None niti|None mi|None je|None bila|None korisna.|None 
Staro,|None ali|None vrijedno|None čitanja|None 
Zapanjujuće|None je|None da|None je|None ova|None knjiga|None stara|None gotovo|None 15|None godina|None i|None da|None je|None Bill|None Gates|None bio|None tako|None precizan|None u|None predviđanjima|None tehnologije|None kojoj|None danas|None svjedočimo.|None 
Vrijedi|None pročitati|None kako|None biste|None naučili|None više|None o|None viziji|None ovog|None zaista|None sjajnog|None poduzetnika,|None kao|None i|None da|None biste|None saznali|None kako|None promišljati|None o|None tehnologiji|None koja|None omogućava|None svakodnevni|None život.|None 
Poslušajte|None što|None Bill|None Gates|None govori|None o|None budućnosti|None tehnologije|None u|None vašim|None životima|None –|None prošlost|None pokazuje|None da|None zna|None o|None čemu|None govori.|None 
Ovo|None nisu|None izvorne|None priče|None 
Moram|None se|None složiti|None s|None drugima|None koji|None su|None ostavili|None recenzije|None da|None je|None ovaj|None komplet|None grozan|None jer|None epizode|None nisu|None u|None izvornom|None obliku|None s|None napetim|None završetkom|None kao|None na|None TV-u.|None 
Bit|None ću|None prva|None osoba|None koja|None će|None kupiti|None underdog|None kad|None bude|None produciran|None kako|None je|None IZVORNO|None prikazan|None sa|None svim|None kratkim|None epizodama|None kao|None što|None su|None tennessee|None tuxedo|None i|None commander|None mcbragg|None i|None s|None napetim|None završetcima.|None 
XX|OMISSION XX|OMISSION Dajte|None nam|None izvornu|None seriju|None kakva|None bi|None i|None trebala|None biti|None i|None ovaj|None komplet|None će|None se|None rasprodati|None u|None trenu.|None 
Dotad|None možete|None zadržati|None ovo|None smeće.|None 
Prema|None istraživanju|None savršeno|None je|None vrijeme|None za|None pivo|None subota|None u|None 17:30|None 
Zahvaljujući|None ljetnim|None vrućinama|None povećali|None su|None se|None prihodi|None britanskih|None pubova|None u|None lošoj|None situaciji,|None ali|None povećao|None se|None pritisak|None na|None lance|None restorana.|None 
Prema|None brojkama,|None prodaja|None XX|OMISSION+PREPOSITION grupacija|CASE pubova|None i|None barova|None u|None srpnju|None se|None povećala|None za|None 2,7|None posto,|None ali|None prihodi|None restorana|None smanjili|None su|None se|None za|None 4,8|None posto.|None 
Peter|None Martin|None iz|None agencije|None za|None poslovno|None savjetovanje|None CGA,|None koja|None je|None objavila|None brojke,|None rekao|None je:|None „Zbog|None nastavka|None sunčanog|None vremena|None i|None sudjelovanja|None Engleske|None u|None Svjetskom|None prvenstvu|None dulje|None nego|None što|None je|None očekivano,|None u|None srpnju|None se|None nastavio|None uzorak|None sličan|None lipnju,|None kada|None su|None prihodi|None pubova|None bili|None veći|None za|None 2,8|None posto,|None osim|None što|None su|None prihodi|None restorana|None sada|None još|None niži.|None 
Smanjenje|None prihoda|None restorana|None od|None 1,8|None posto|None u|None lipnju|None pogoršalo|None se|None u|None srpnju.|None 
Pubovi|None i|None barovi|None koji|None uglavnom|None prodaju|None piće|None ostvarili|None su|None najbolje|None rezultate,|None a|HAL lokali|HAL koji|HAL podjednako|HAL prodaju|HAL piće|HAL i|HAL hranu|HAL ostvarili|HAL su|HAL veći|None porast|None od|None pada|None restorana.|None 
I|None pubovi|None koji|None uglavnom|None prodaju|None hranu|None nisu|None se|None dobro|None proveli|None tijekom|None sunčanog|None vremena,|None iako|None nisu|None imali|None jednako|None loše|None rezultate|None kao|None restorani.|None 
Čini|None se|None da|None su|None ljudi|None htjeli|None izaći|None samo|None na|None piće.|None 
U|None pubovima|None i|None barovima|None prodaja|None pića|None taj|None je|None mjesec|None porasla|None za|None 6,6|None posto,|None a|None prodaja|None hrane|None smanjila|None se|None za|None tri|None posto.”|None 
Paul|None Newman|None iz|None agencije|None za|None analizu|None rekreacije|None i|None ugostiteljstva|None RSM|None izjavio|None je:|None „Tim|None rezultatima|None nastavlja|None se|None trend|None od|None kraja|None travnja.|None 
Vrijeme|None i|None učinak|None velikih|None društvenih|None ili|None sportskih|None događanja|None i|None dalje|None su|None najveći|None čimbenici|None u|None prodaji|None na|None tržištu|None izvan|None doma.|None 
Nije|None iznenađenje|None da|None grupacije|None restorana|None i|None dalje|None nailaze|None na|None poteškoće,|None iako|None će|None smanjenje|None prodaje|None od|None 4,8|None posto|None u|None usporedbi|None s|None prošlom|None godinom|None biti|None posebno|None teško|None u|None kombinaciji|None s|None stalnim|None pritiskom|None troškova.|None 
Dugo|None vruće|None ljeto|None nije|None moglo|None stići|None u|None gorem|None trenutku|None za|None ugostitelje|None koji|None su|None usmjereni|None na|None hranu|None i|None vrijeme|None će|None pokazati|None hoće|None li|None im|None umjerene|None temperature|None u|None kolovozu|None pružiti|None nužno|None olakšanje.”|None 
Ukupno|None povećanje|None prodaje|None XX|OMISSION+PREPOSITION pubova|CASE i|None restorana|CASE ,|None uključujući|None one|None novootvorene,|None u|None srpnju|None je|None iznosilo|None 2,7|None posto,|None što|None odražava|None usporavanje|None u|None predstavljanju|None novih|None brendova.|None 
Coffer|None Peach|None Tracker,|None sustav|None za|None praćenje|None prodaje|None u|None britanskom|None sektoru|None pubova,|None barova|None i|None restorana,|None prikuplja|None i|None analizira|None podatke|None o|None uspješnosti|None 47|None grupacija|None s|None ukupnim|None prihodima|None većim|None od|None 9|None milijardi|None GBP|None te|None je|None priznat|None kao|None referentna|None vrijednost|None u|None industriji.|None 
Lažni|None mac!|None 
Lažni|None MAC.|None 
Još|None jedan.|None 
Mac|None ne|None proizvodi|None ovakve|None palete.|None 
Ako|None niste|None sigurni,|None obratite|None se|None MAC-ovoj|None trgovini|None u|None trgovačkom|None centru,|None gdje|None će|None vam|None potvrditi|None da|None su|None ove|None palete|None lažne.|None 
Prodavateljica|GENDER si|None sama|None piše|None osvrte.|None 
Koristi|None razna|None imena|None kao|None što|None su|None Victoria,|None Alexis|None i|None a".-"|None character|UNTRANSLATED .|None 
Sve|None kako|None bi|None pospješila|None prodaju|None lažnih|None paleta.|None 
Nemojte|None podržavati|None lažni|None mac.|None 
Morski|None pas|None ozlijedio|None trinaestogodišnjaka|None za|None vrijeme|None lova|None na|None jastoge|None u|None Kaliforniji|None 
Morski|None pas|None napao|None je|None i|None ozlijedio|None trinaestogodišnjeg|None dječaka|None u|None subotu|None dok|None je|None ronio|None u|None potrazi|None za|None jastozima|None u|None Kaliforniji|None prvog|None dana|None sezone|None lova|None na|None jastoge,|None ističu|None nadležni.|None 
Napad|None se|None dogodio|None nešto|None prije|None 7|None ujutro|None u|None blizini|None plaže|None Beacon|None u|None Encinitasu.|None 
Chad|None Hammel|None izjavio|None je|None u|None San|None Diegu|None za|None KSWB-TV|None da|None je|None ronio|None s|None prijateljima|None oko|None pola|None sata|None u|None subotnje|None jutro|None kad|None je|None začuo|None dječaka|None kako|None viče|None upomoć,|None nakon|None čega|None su|None odveslali|None do|None mjesta|None događaja|None kako|None bi|None ga|None pomogli|None izvući|None iz|None vode.|None 
Hammel|None je|None rekao|None da|None je|None isprva|None mislio|None da|None je|None riječ|None samo|None o|None uzbuđenju|None zbog|None uhvaćenog|None jastoga,|None no|None onda|None je|None „shvatio|None da|None dječak|None viče|None ‚Ugrizao|None me|None je!|None 
Ugrizao|None me|None je!’.|None 
Cijela|None ključna|None kost|None bila|None mu|None je|None rastrgana”,|None Hammel|None je|None rekao|None da|None je|None primijetio|None kad|None je|None došao|None do|None dječaka.|None 
„Povikao|None sam|None svima|None da|None bježe|None iz|None vode:|None ‚Morski|None pas|None je|None u|None vodi!’”,|None dodao|None je|None Hammel.|None 
Dječak|None je|None prevezen|None helikopterom|None u|None Dječju|None bolnicu|None Rady|None u|None San|None Diegu|None gdje|None je|None njegovo|None stanje|None procijenjeno|None kao|None kritično.|None 
Vrsta|None morskog|None psa|None odgovornog|None za|None napad|None nije|None poznata.|None 
Voditelj|None spasilačke|None službe|None Larry|None Giles|None rekao|None je|None na|None novinskoj|None konferenciji|None da|None je|None na|None tom|None području|None nekoliko|None tjedana|None ranije|None primijećen|None morski|None pas,|None ali|None da|None je|None ustanovljeno|None da|None nije|None riječ|None o|None jednoj|None od|None opasnih|None vrsta.|None 
Giles|None je|None dodao|None da|None je|None žrtva|None pretrpjela|None traumatske|None ozljede|None na|None gornjem|None dijelu|None trupa.|None 
Nadležni|None organi|None zatvorili|None su|None prilaz|None plaži|None od|None Ponto|None Beacha|None u|None Casabladu|None to|None Swamija|None u|None Ecinitasu|None na|None 48|None sati|None za|None potrebe|None istraživanja|None i|None osiguravanja|None područja.|None 
Giles|None je|None naglasio|None da|None u|None tom|None području|None obitava|None oko|None 135|None vrsta|None morskih|None pasa,|None ali|None većina|None se|None ne|None smatra|None opasnima.|None 
Claptonovi|None klasici|None 
Vrlo|None razočaravajuće.|None 
Ovo|None je|None oglašeno|None kao|None lekcija|None „nota|None po|None notu”|None odabranih|None Claptonovih|None pjesama,|None ali|None nema|None veze|None s|None time.|None 
Nema|None tablature|None uz|None kratke|None (i|None ponekad|None netočne)|None dijelove|None pjesama|None koje|None su|None odabrane.|None 
Uputio|None sam|None prigovor|None izravno|None izdavačkoj|None kući|None Hal|None Leonard,|None ali|None nisu|None mi|None se|None udostojili|None odgovoriti.|None 
Druga|None knjiga.|None Nije|None original|None koji|None sam|None očekivao.|None Dijelovi|None nedostaju.|None 
Očekivao|None sam|None knjigu|None „Laku|None noć|None dragi|None leptiri”,|None koju|None sam|None imao|None u|None većem|None formatu.|None 
Budući|None da|None je|None knjiga|None tako|None mala,|None neke|None su|None stranice|None izbačene,|None a|None tekst|None je|None potpuno|None drukčiji|None i|None mnogo|None gori|None od|None teksta|None iz|None velike|None knjige.|None Veoma|None sam|None razočaran|None ovim|None proizvodom.|None 
Makedonci|None izlaze|None na|None biračka|None mjesta|None u|None referendumu|None o|None promjeni|None imena|None države|None 
Birači|None će|None u|None nedjelju|None odlučivati|None o|None tome|None hoće|None li|None se|None ime|None njihove|None države|None promijeniti|None u|None „Republika|None Sjeverna|None Makedonija”.|None 
Referendum|None je|None organiziran|None kako|None bi|None se|None razriješio|None desetljećima|None dug|None spor|None sa|None susjednom|None Grčkom,|None koja|None ima|None regiju|None nazvanu|None Makedonija.|None 
Atena|None je|None dugo|None naglašavala|None da|None ime|None sjevernog|None susjeda|None predstavlja|None posezanje|None za|None grčkim|None teritorijem|None i|None više|None se|None puta|None usprotivila|None makedonskim|None prijavama|None za|None članstvo|None u|None EU-u|None i|None NATO|None savezu.|None 
Makedonski|None predsjednik|None Gjorgje|None Ivanov,|None protivnik|None plebiscita|None o|None promjeni|None imena,|None rekao|None je|None da|None će|None ignorirati|None rezultate|None glasovanja.|None 
Međutim,|None pristaše|None referenduma,|None uključujući|None premijera|None Zorana|None Zaeva,|None ističu|None da|None je|None promjena|None imena|None cijena|None koja|None se|None mora|None platiti|None za|None ulazak|None u|None EU|None i|None NATO|None savez.|None 
Trgovinski|None rat|None između|None Kine|None i|None SAD-a|None mogao|None bi|None pogodovati|None Pekingu|None 
Početna|None paljba|None u|None trgovinskom|None ratu|None SAD-a|None i|None Kine|None bila|None je|None zaglušujuća,|None a|None iako|None bitka|None nipošto|None nije|None završila,|None jaz|None između|None dviju|None država|None mogao|None bi|None dugoročno|None pogodovati|None Pekingu,|None kažu|None stručnjaci.|None 
Američki|None predsjednik|None Donald|None Trump|None ispalio|None je|None prvi|None hitac|None ranije|None ove|None godine,|None kad|None je|None nametnuo|None porez|None na|None ključne|None kineske|None izvozne|None proizvode,|None poput|None solarnih|None ploča,|None čelika|None i|None aluminija.|None 
Do|None najveće|None eskalacije|None dovele|None su|None ovotjedne|None nove|None carinske|None kvote|None koje|None će|None se|None primjenjivati|None na|None proizvode|None u|None vrijednosti|None od|None 200|None milijardi|None dolara|None (1,25|None trilijuna|None kuna)|None i|None kojima|None se|None oporezuje|None polovina|None sve|None robe|None koja|None dolazi|None u|None SAD|None iz|None Kine.|None 
Peking|None je|None svaki|None put|None uzvratio|None istom|None mjerom|None te|None je|None nedavno|None nametnuo|None tarife|None između|None pet|None i|None deset|None posto|None na|None američku|None robu|None u|None vrijednosti|None od|None 60|None milijardi|None dolara|None (375|None milijardi|None kuna).|None 
Kina|None je|None obećala|None da|None će|None SAD-u|None uzvratiti|None svaku|None paljbu,|None a|None druga|None najveća|None gospodarska|None sila|None na|None svijetu|None najvjerojatnije|None neće|None uskoro|None posustati.|None 
Da|None bi|None Washington|None popustio,|None Kina|None bi|None trebala|None pristati|None na|None zahtjeve,|None ali|None javno|None pokoravanje|None SAD-u|None bilo|None bi|None preveliko|None poniženje|None za|None kineskog|None predsjednika|None Xija|None Jinpinga.|None 
Međutim,|None stručnjaci|None kažu|None da|None će,|None ako|None Peking|None dobro|None odigra|None svoje|None karte,|None pritisak|None trgovinskog|None rata|None s|None SAD-om|None dugoročno|None pozitivno|None utjecati|None na|None Kinu|None jer|None će|None se|None smanjiti|None međuovisnost|None dvaju|None gospodarstava.|None 
„Činjenica|None da|None bi|None ishitrena|None politička|None odluka|None u|None Washingtonu|None ili|None Pekingu|None mogla|None stvoriti|None uvjete|None koji|None bi|None doveli|None do|None strmoglavog|None gospodarskog|None pada|None u|None bilo|None kojoj|None od|None tih|None država|None zapravo|None je|None mnogo|None opasnija|None nego|None što|None su|None promatrači|None dosad|None priznavali”,|None rekla|None je|None Abigail|None Grace,|None istraživačka|None suradnica|None usmjerena|None na|None Aziju|None iz|None trusta|None mozgova|None Centar|None za|None novu|None američku|None sigurnost|None (Center|None for|None New|None American|None Security).|None 
U|None zemlji|None slijepih...|None 
Ova|None knjiga|None obećava|None prosvjetljenje,|None ali|None ne|None uspijeva|None ispuniti|None to|None obećanje.|None 
Iako|None prolazni|None prorok|None uistinu|None lijepo|None govori|None i|None njegove|None riječi|None potiču|None na|None dubinsku|None samorefleksiju,|None ne|None uspijevaju|None prenijeti|None istinsko|None razumijevanje.|None 
Početni|None je|None diskurs|None o|None ljubavi|None fascinantan,|None ali|None nastavak|None brzo|None prelazi|None u|None prazna|None retorička|None promišljanja|None koja|None se|None nastavljaju|None do|None gorkog|None kraja.|None 
Najzabavniji|None aspekt|None ove|None knjige|None jest|None vješta|None upotreba|None jezika|None koja|None gotovo|None maskira|None činjenicu|None da|None prorok|None govori,|None ali|None ništa|None ne|None kaže.|None 
Knjiga|None je|None primljena|None u|None raspadnutom|None stanju|None 
NE|None KUPUJTE|None OVU|None KNJIGU|None OD|None TVRTKE|None Amazon.com|None LLC.|None 
Naručio|None sam|None ovu|None knjigu|None ranije|None ovog|None tjedna|None putem|None usluge|None Amazon|None Prime|None kao|None poklon|None za|None osobu|None koja|None se|None seli.|None 
Danas|None sam|None primio|None knjigu.|None 
Zabava|None je|None sutra.|None 
Izgleda|None da|None je|None polovica|None omota|None knjige|None izrezana|None nožem,|None a|None urezi|None se|None vide|None i|None na|None koricama|None knjige.|None 
Pakiranje|None je|None bilo|None u|None redu.|None 
Knjigu|None bih|None mogao|None vratiti,|None ali|None ne|None bih|None dobio|None novu|None do|None sutra.|None 
Uložite|None malo|None više|None novca|None i|None kupite|None kod|None drugog|None prodavača.|None 
Favorit!|None 
Kupio|None sam|None ovaj|None album|None u|None formatu|None LP|None ploče|None kada|None je|None bio|None potpuno|None nov,|None snimio|None sam|None ga|None na|None kasetu|None kako|None bih|None ga|None mogao|None slušati|None u|None autu|None i|None onda|None sam|None ga|None samo|None slušao,|None slušao|None i|None slušao.|None 
Ovaj|None mi|None je|None album|None toliko|None nedostajao|None (više|None nemam|None gramofon)|None da|None sam|None ga|None naposljetku|None ponovo|None naručio|None na|None CD-u.|None 
JUPI!!|None 
Jedva|None čekam|None da|None ga|None slušam|None unedogled.|None 
Nitko,|None apsolutno|None nitko|None ne|None pokazuje|None svoju|None ljubav|None prema|None Bogu|None tako|None očigledno|None kao|None Keith|None Green!|None 
Jedva|None čekam|None da|None ga|None upoznam|None u|None raju.|None 
Distorziraju|None 
Ove|None su|None pedale|None jeftino|None smeće|None koje|None upravo|None to|None rade,|None distorziraju|None zvuk.|None Ako|None želite|None da|None vam|None gitara|None zvuči|None kao|None smeće,|None ovo|None je|None pravi|None proizvod|None za|None vas.|None 
Nikako|None mi|None nije|None jasno|None zašto|None su|None pedale|None s|None kojima|None gitara|None zvuči|None kao|None smeće|None najpopularnije.|None 
Ovo|None nije|None vrhunska|None distorzijska|None pedala|None kakvu|None je|None imao|None Hendrix.|None 
Vrhunske|None pedale|None i|None distorzija|None su|None oksimoron.|None Ove|None su|None pedale|None izrađene|None od|None teškog|None metala|None i|None trebale|None bi|None potrajati,|None ali|None nadam|None se|None da|None neće|None (samo|None se|None šalim).|None Ako|None želite|None distorziju,|None dobit|None ćete|None distorziju.|None 
HIV/sida:|None Kina|None bilježi|None porast|None novih|None slučajeva|None od|None 14|None %|None 
Kina|None je|None objavila|None informaciju|None o|None skoku|None od|None 14|None %|None u|None broju|None građana|None koji|None žive|None s|None virusom|None HIV-a|None i|None sidom.|None 
Zdravstveni|None radnici|None kažu|None da|None je|None pogođeno|None više|None od|None 820|None 000|None ljudi|None u|None državi,|None 
a|None oko|None 40|None 000|None novih|None slučajeva|None prijavljeno|None je|None samo|None u|None drugom|None tromjesečju|None 2018.|None godine.|None 
Virus|None je|None u|None velikoj|None većini|None novih|None slučajeva|None prenesen|None spolnim|None putem,|None što|None nije|None bio|None slučaj|None u|None prošlosti.|None 
Uzrok|None brzog|None širenja|None HIV-a|None u|None nekim|None dijelovima|None Kine|None svojevremeno|None je|None bio|None je|None transfuzija|None zaražene|None krvi.|None 
No|None broj|None ljudi|None koji|None su|None se|None HIV-om|None zarazili|None na|None taj|None način|None smanjio|None se|None gotovo|None na|None nulu,|None rekli|None su|None kineski|None zdravstveni|None radnici|None na|None konferenciji|None u|None provinciji|None Yunnan.|None 
Međutim,|None tijekom|REPHRASING godina|REPHRASING broj|None kineskih|None građana|None koji|None žive|None s|None HIV-om|None i|None sidom|None povećao|None se|None za|None 100|None 000|None ljudi.|None 
Prijenos|None HIV-a|None spolnim|None putem|None izraženi|None je|None problem|None u|None kineskoj|None LGBT-zajednici.|None 
Iako|None je|None homoseksualnost|None u|None Kini|None dekriminalizirana|None 1997.|None godine,|None diskriminacija|None prema|None LGBT|None osobama|None u|None toj|None državi|None i|None dalje|None je|None sveprisutna.|None 
Prema|None istraživanjima,|None 70|None –|None 90|None %|None muškaraca|None koji|None stupaju|None u|None spolne|None odnose|None s|None drugim|None muškarcima|None na|None kraju|None stupaju|None u|None brak|None sa|None ženama|None zbog|None konzervativnih|None vrijednosti|None u|None toj|None državi.|None 
Velik|None broj|None slučajeva|None prijenosa|None bolesti|None posljedica|None je|None nedostatne|None seksualne|None zaštite|None u|None takvim|None odnosima.|None 
U|None nastojanju|None rješavanja|None tih|None problema,|None kineska|None vlada|None od|None 2003.|None godine|None obećava|None univerzalni|None pristup|None lijekovima|None za|None HIV.|None 
Ovo|None mi|None je|None najdraži|None slatkiš|None ikad!|None 
Nakon|None što|None sam|None čuo|None različita|None mišljenja|None o|None ovoj|None čokoladi|None KitKat,|None odlučio|None sam|None je|None sam|None isprobati.|None 
Odlična|None je|None i|None nimalo|None ne|None žalim|None što|None sam|None je|None kupio.|None 
Ima|None okus|None kao|None matcha|None čaj|None s|None malo|None vanilije|None i|None mlijeka.|None 
Nije|None preslatka|None niti|None joj|None nedostaje|None arome.|None 
Ovo|None je|None najbolja|None čokolada|None KitKat|None koji|None sam|None probao|None i|None preporučio|None bih|None je|None svakom|None tko|None voli|None slatkiše|None s|None okusom|None matcha|None čaja|None i|None svakom|None tko|None želi|None kušati|None neobičnu|None vrstu|None KitKata.|None 
Dosadnooo|None 
Nimalo|None mi|None se|None nije|None svidio|None ovaj|None proizvod.|None Predvidljivo.|None 
Nije|None zabavno.|None 
Pokušava|None biti|None stolna|None igra|None koja|None se|None može|None brzo|None postaviti,|None ali|None imam|None osjećaj|None kao|None da|None igram|None sklepano|None sranje.|None 
Često|None bih|None pomislila|None da|None je|None slična|None D&D-u...|None Ali|None samo|None se|None šalim.|None 
Nakon|None jednog|None igranja|None nismo|None je|None više|None nijednom|None zaigrali.|None Ne|None bih|None preporučila|None ovo|None starijim|None grupama|None igrača|None koji|None vole|None stolne/kartaške|None igre,|None poput|None igara|None Talisman,|None 7|None Wonders|None i|None Ascension.|None 
Čokoladna|None torta|None s|None maslacem|None 
Upravo|None sam|None pomnožila|None sastojke|None recepta|None za|None čokoladnu|None tortu|None s|None maslacem|None s|None pet|None da|None dobijem|None 30|None šalica|None i|None ispalo|None je|None SAVRŠENO!|None 
Prije|None sam|None često|None znala|None bacati|None smjesu|None ili|None kolače|None jer|None su|None imali|None grozan|None okus,|None ali|None ovo|None je|None bila|None apsolutno|None najbolja|None torta|None koju|None sam|None ikada|None probala.|None 
Smjesa|None ima|None okus|None po|None čokoladnom|None pudingu|None i|None torta|None se|None topi|None u|None ustima.|None 
Definitivno|None ću|None isprobati|None sve|None druge|None recepte|None :)|None 
Heavenly|None Highway|None Hymns|None 
Heavenly|None Highway|None Hymns|None Naručio|None sam|None ovu|None zbirku|None crkvenih|None pjesama|None jer|None sam|None naučio|None čitati|None note|None dok|None sam|None bio|None tinejdžer.|None 
Sviram|None klavir,|None ali|None ne|None pjevam.|None 
Imam|None 85|None godina.|None 
Ova|None zbirka|None sadrži|None većinu|None pjesama|None koje|None sam|None naučio|None s|None godinama.|None 
Upravo|None je|None to|None što|None sam|None želio|None i|None trebao.Bila|None je|None u|None dobrom|None stanju|None i|None odgovarajuće|None cijene.|None 
Kupio|None sam|None ovu|None knjigu|None od|None Amazona.|None 
Warren|None planira|None „dobro|None razmisliti”|None o|None kandidaturi|None na|None predsjedničkim|None izborima|None 
Američka|None senatorica|None Elizabeth|None Warren|None rekla|None je|None da|None će|None „dobro|None razmisliti|None o|None kandidaturi|None na|None predsjedničkim|None izborima”|None nakon|None izbora|None u|None studenom.|None 
Novine|None Boston|None Globe|None izvijestile|None su|None da|None je|None demokratkinja|None iz|None Massachusettsa|None govorila|None o|None svojim|None planovima|None za|None budućnost|None u|None obraćanju|None javnosti|None u|None zapadnom|None Massachusettsu|None ove|None subote.|None 
Warren,|None koja|None često|None kritizira|None predsjednika|None Donalda|None Trumpa,|None kandidirala|None se|None za|None reizbor|None u|None studenom,|None a|None protukandidat|None joj|None je|None republikanski|None zastupnik|None države|None Geoff|None Diehl,|None koji|None je|None bio|None supredsjedatelj|None Trumpove|None kampanje|None u|None Massachusettsu|None 2016.|None godine.|None 
Nagađa|None se|None da|None bi|None se|None mogla|None suočiti|None s|None Trumpom|None na|None izborima|None 2020.|None godine.|None 
Događaj|None koji|None je|None održan|None ove|None subote|None popodne|None u|None Holyokeu|None bio|None je|None njezin|None 36.|None sastanak|None s|None biračima|None u|None obliku|None obraćanja|None javnosti|None otkako|None je|None Trump|None preuzeo|None dužnost|None predsjednika.|None 
Jedan|None ju|None je|None sudionik|None pitao|None planira|None li|None se|None kandidirati|None za|None predsjednicu.|None 
Warren|None je|None odgovorila|None da|None je|None vrijeme|None „da|None žene|None dođu|None u|None Washington|None popraviti|None našu|None pokvarenu|None vladu,|None a|None to|None uključuje|None i|None žene|None na|None vrhu.”|None 
Odlično|None radi,|None ali|None je|None ne|None upotrebljavam.|None 
Nabavio|None sam|None je|None za|None slučaj|None da|None mi|None zatreba.|None 
Ispostavilo|None se|None da|None mi|None zapravo|None ne|None treba|None tako|None često|None i|None rijetko|None je|None upotrebljavam.|None 
Da|None sam|None jako|None dobar,|None mogu|None vidjeti|None potrebu.|None 
Ali|None ovo|None su|None klavijature,|None a|None ne|None orgulje.|None 
Ne|None preporučujem|None 
Nisam|None očekivao|None da|None će|None ovaj|None kabel|None biti|None tako|None tanak.|None 
Vjerojatno|None je|None 1/2|None debljine|None svakog|None kabela|None za|None gitaru|None koji|None sam|None dosad|None upotrebljavao.|None 
Nisam|None siguran|None za|None njegovu|None dugoročnu|None izdržljivost|None ili|None gubitak|None signala|None /|None smetnje.|None 
Da|None sam|None znao,|None potrošio|None bih|None koji|None dolar|None više|None za|None deblji|None kabel.|None 
Ali|None radi|None i|None bio|None je|None jeftin.NASTAVAK:|None nakon|None 6|None mjeseci|None već|None je|None pokvaren.|None 
Žica|None se|None istrošila|None kod|None priključka|None pod|None pravim|None kutom.|None 
Dobiješ|None koliko|None platiš.|None 
Artikl|None s|None greškom.|None 
Primila|None sam|None ovaj|None proizvod|None vrlo|None brzo,|None što|None je|None divno,|None ali|None poklonila|None sam|None ga|None nekome|None i|None bilo|None me|None sram|None kad|None sam|None saznala|None da|None se|None radi|None o|None artiklu|None s|None greškom.|None 
Dobila|None sam|None povrat|None novca,|None ali|None bilo|None bi|None mi|None mnogo|None draže|None da|None sam|None odmah|None dobila|None proizvod|None koji|None funkcionira.|None 
Jeftin|None proizvod|None 
Jeftin|None proizvod!|None 
U|None dva|None dana|None upotrebe|None počeo|None je|None puštati|None zrak|None na|None mjestu|None gdje|None sam|None pronašao|None rupu|None veličine|None igle|None i|None sada|None više|None nije|None upotrebljiv.|None 
Isti|None se|None proizvod|None (također|None proizveden|None u|None Kini)|None može|None kupiti|None u|None lokalnim|None trgovinama|None za|None jednu|None četvrtinu|None ove|None cijene.|None 
Ne|None bih|None preporučio|None ovaj|None proizvod.|None 
Uložite|None u|None bolji|None komplet|None 
Koristila|None sam|None ga|None godinu|None dana|None i|None definitivno|None sam|None morala|None kupiti|None bolju|None opremu.|None 
Tanki|None je|None štap|None za|None čišćenje|None pukao,|None kao|None i|None deblji.|None 
Nemam|None običaj|None primjenjivati|None silu|None na|None njima,|None samo|None su|None veoma|None meki/jeftini.|None 
Četke|None su|None pristojne.|None 
Nakon|None što|None sam|None uložila|None u|None bolji|None komplet,|None valjda|None sam|None naučila|None lekciju.|None 
Ako|None imate|None sredstva,|None preskočite|None ovo|None i|None kupite|None nešto|None malo|None bolje.|None 
Društvo|None Midway|None Broadcasting|None danas|None je|None objavilo|None da|None će|None njegova|None direktorica|None Melody|None Spann|None Cooper|None uskoro|None objaviti|None svoju|None dugoočekivanu|None knjigu|None za|None pomoć|None poduzetnicama|None i|None rukovoditeljicama|None u|None ostvarivanju|None poslovnih|None uspjeha.|None „The|None Girlfriend's|None Guide|None To|None Closing|None the|None Deal”|None (Vodič|None za|None sklapanje|None poslova|None za|None žene)|None pruža|None uvid|None u|None načine|None na|None koje|None žene|None mogu|None postići|None ravnopravnost|None za|None pregovaračkim|None stolom|None i|None unaprijediti|None karijeru|None koristeći|None se|None ženskom|None verzijom|None zatvorenih|None muških|None društava.|None 
Spann|None Cooper|None u|None knjizi|None se|None na|None anegdotalan|None način|None suočava|None s|None važnim|None pitanjima,|None uključujući|None pokret|None #MeToo|None i|None poraz|None Hillary|None Clinton|None na|None predsjedničkim|None izborima,|None kao|None i|None s|None utjecajem|None tih|None zbivanja|None na|None osnaživanje|None žena|None u|None SAD-u.|None 
Knjiga|None objavljena|None u|None vlastitoj|None nakladi|None rezultat|None je|None revolucionarnog|None samosvjesnog|None govora|None koji|None je|None Spann|None Cooper|None održala|None kao|None središnje|REPHRASING predavanje|REPHRASING na|None konferenciji|None Nacionalnog|None udruženja|None žena|None vlasnica|None poduzeća|None u|None Chicagu|None 2017.|None XX|OMISSION Knjiga|None „The|None Girlfriend's|None Guide|None To|None Closing|None the|None Deal”|None pisana|None je|None jednostavnim|None stilom|None s|None kojim|None se|None svaka|None žena|None može|None poistovjetiti.|None 
Christie|None Hefner,|None poslovna|None žena|None i|None kći|None osnivača|None Playboya|None Hugha|None Hefnera|None izjavila|None je:|None „‚The|None Girlfriend's|None Guide|None To|None Closing|None the|None Deal’|None istovremeno|None je|None vrlo|None zabavna|None i|None vrlo|None korisna|None knjiga.|None Melody|None navodi|None osobne|None anegdote,|None uspjehe|None i|None poraze,|None kao|None i|None korisne|None lekcije|None koje|None je|None naučila.|None Svatko|None može|None imati|None koristi|None od|None Melodyjine|None priče|None i|None naučiti|None kako|None čvrsto|None stajati|None iza|None svojih|None ideja|None na|None sastanku|None ili|None kad|None je|None vrijeme|None za|None prijateljski|None pristup.”|None 
Kao|None direktorica|None društva|None Midway|None Broadcasting|None došla|None je|None na|None elitni|None popis|None žena|None vlasnica|None medija|None nakon|None što|None je|None 1999.|None kupila|None većinski|None udio|None dionica|None tog|None društva.|None Društvo|None Midway|None Broadcasting|None najbolje|None je|None u|None kategoriji|None ženskih|None i|None obiteljskih|None malih|None medijskih|None kuća,|None a|None u|None njegovu|None su|None vlasništvu|None radijske|None stanice|None i|None interaktivne|None platforme.|None 
Koautorica|None je|None knjige|None T.|None Shawn|None Taylor,|None novinarka,|None spisateljica|None i|None osnivačica|None poduzeća|None za|None usluge|None savjetovanja|None medija|None Treetop|None Consulting.|None 
U|None redu|None je,|None ali|None volio|None bih|None da|None sam|None kupio|None nešto|None drugo.|None 
Zbog|None čvrstine|None drške|None i|None opruge|None nezgodno|None je|None za|None staviti|None na|None gitaru|None i|None osjećao|None sam|None potrebu|None da|None što|None prije|None stegnem|None kapodaster|None jer|None je|None neugodno|GENDER za|None korištenje|None –|None boljeli|None su|None me|None prsti.|None 
Jeftino|None je|None i|None lako|None se|None koristi.|None 
Poslužit|None će|None svrsi,|None ali|None ne|None sviđa|None mi|None se.|None 
Šalabahter|None za|None njegu|None i|None uređivanje|None pasa|None 
Samoučen|None sam|None u|None njezi|None i|None šišanju|None pasa.|None Ova|None knjiga|None je|None najbolja|None stvar|None koju|None sam|None kupio|None u|None zadnje|None vrijeme.|None 
To|None je|None divan|None vodič|None i|None zaista|None mi|None olakšava|None posao.|None 
Mogu|None pronaći|None sve|None što|None mi|None treba|None ako|None imam|None pitanja|None o|None pasmini|None ili|None standardima|None AKC-a|None za|None pasminu.|None 
Odličan|None komplet.|None 
Sviđa|None mi|None se,|None ali|None moram|None reći|None da|None bih|None volio|None da|None postoji|None način|None da|None se|None traka|None omota|None oko|None nečega|None da|None mogu|None raditi|None vježbe|None povlačenja|None ili|None vježbe|None za|None leđa.|None 
Na|None kraju|None sam|None iskoristio|None dodatak|None za|None zglobove|None u|None tu|None svrhu|None i|None meni|None odgovara.|None 
Kvaliteta|None je|None odlična|None i|None vjerujem|None da|None ću|None dugo|None koristiti|None ovaj|None komplet.|None 
Sviđa|None mi|None se|None karabiner|None jer|None možete|None upotrebljavati|None dva|None ili|None više|None komada|None istovremeno|None s|None drškama|None kad|None ojačate.|None 
Morao|None sam|None vratiti...|None 
Ove|None vrtlarske|None škare|None ne|None mogu|None ni|None približno|None rezati|None grane|None XX|OMISSION XX|OMISSION ,|None ni|None mokre|None ni|None suhe.|None 
Ne|None režu|None grane|None XX|OMISSION XX|OMISSION .|None 
Možda|None mogu|None rezati|None NEKE|None suhe|None grane|None XX|OMISSION XX|OMISSION ,|None ali|None barem|None ove|None koje|None sam|None ja|None primio|None nisu|None bile|None naoštrene|None i|None bio|None sam|None ih|None prisiljen|None vratiti.|None 
Nisam|None još|None izabrao|None nove|None jer|None sam|None bio|None toliko|None razočaran|None kad|None sam|None nakon|None čitanja|None svih|None pozitivnih|None recenzija|None imao|None drukčije|None iskustvo.|None 
Čovjek|None je|None zapaljen|None na|None kućnom|None pragu|None u|None „ciljanom|None napadu”|None 
Policija|None vjeruje|None da|None je|None čovjek|None koji|None je|None zapaljen|None na|None svom|None pragu|None meta|None ciljanog|None napada.|None 
48-godišnjak|None je|None bio|None natopljen|None zapaljivom|None tekućinom,|None vjerojatno|None benzinom,|None prije|None nego|None što|None je|None zapaljen|None ispred|None svoje|None kuće|None u|None Skelmersdaleu|None u|None općini|None West|None Lancashire.|None 
Trenutačno|None se|None nalazi|None u|None bolnici|None i|None u|None kritičnom|None je,|None ali|None stabilnom|None stanju|None nakon|None dobivanja|None teških|None opeklina.|None 
Policija|None je|None pokrenula|None istragu|None o|None pokušaju|None ubojstva|None nakon|None što|None su|None u|None četvrtak|None otprilike|None u|None 1|None ujutro|None pozvani|None u|None kuću|None tog|None čovjeka.|None 
Glavna|None inspektorica|None Pauline|None Stables|None koja|None vodi|None istragu|None izjavila|None je:|None „Ovo|None je|None užasan|None incident|None i|None taj|None je|None čovjek|None sada|None u|None bolnici|None u|None vrlo|None lošem|None stanju.|None 
Provođenjem|None daljnjih|None istraga|None pokušavamo|None identificirati|None odgovorne|None osobe.|None 
Pokušavamo|None utvrditi|None motiv|None tog|None događaja,|None ali|None vjerujemo|None da|None je|None incident|None bio|None ciljan|None i|None želim|None naglasiti|None kako|None ne|None vjerujem|None da|None postoji|None bilo|None kakva|None prijetnja|None široj|None zajednici|None u|None ovom|None trenutku.|None 
Netko|None zna|None tko|None je|None to|None učinio|None i|None ovim|None ih|None putem|None želim|None pozvati|None da|None nam|None se|None obrate.|None 
Je|None li|None se|None član|None vaše|None obitelji|None vratio|None kući|None sumnjivo|None se|None ponašajući,|None mirišući|None na|None dim|None ili|None benzin|None ili|None s|None neobjašnjivim|None ozljedama?|None 
Moramo|None pronaći|None osobe|None odgovorne|None za|None ovaj|None strašan|None zločin.”|None 
Preveliki.|None 
Nažalost,|None ne|None sviđaju|None mi|None se|None jer|None su|None jednostavno|None preveliki.|None 
Previše|None se|None ističu.|None 
Rade|None kako|None treba|None i|None učinkoviti|None su,|None ali|None previše|None upadaju|None u|None oči.|None 
Ima|None mnogo|None dobrih|None zamjena;|None podlošci|None za|None remen,|None blokade|None za|None remen,|None otkapčanje|None zatika|None i|None pričvršćivanje|None izravno|None na|None remen|None za|None gitaru.|None 
Ponavljam,|None funkcioniraju,|None ali|None ne|None izgledaju|None dobro|None i|None nisu|None elegantni.|None 
Kupio|None sam|None i|None zlatni|None komplet|None za|None bas|None i|None sada|None izgleda|None kao|None da|None bih|None trebao|None nositi|None visoke|None ljubičaste|None platforme|None kad|None sviram.|None 
To|None nije|None cool.|None 
Feathered|None Phonics,|None prvi|None dio|None 
Ovaj|None je|None CD|None dobra|None ideja|None za|None učenje|None ptice|None da|None govori,|None ali|None sadrži|None neke|None riječi|None koje|None nikad|None ne|None bismo|None govorili|None u|None našem|None domu,|None pa|None ih|None nema|None smisla|None učiti|None pticu.|None 
Pregledat|None ću|None ponudu|None drugih|None CD-ova|None i|None pokušati|None pronaći|None neki|None s|None drugačijim|None riječima.|None 
Dunlop|None originalna|None CryBaby|None pedala|None 
Ako|None želite|None da|None vaša|None gitara|None zvuči|None kao|None gitara|None iz|None studijskih|None albuma|None Eddieja|None Van|None Halena,|None Joea|None Satrianija|None i|None ostalih|None poznatih|None gitarista,|None nabavite|None BOSS|None GT-10|None (procesor|None za|None višestruke|None efekte|None na|None gitari)|None i|None instalirajte|None patcheve|None za|None BOSS|None GT-10|None Jamesa|None Limborga.|None 
Potražite|None patcheve|None za|None BOSS|None GT-10|None Jamesa|None Limborga|None na|None Googleu.|None 
Izvanredan|None koncept|None i|None gluma|None 
Mali|None povijesni|None kanadski|None grad|None Elora|None sa|None svojim|None XX|OMISSION stoljetnim|None zgradama|None savršeno|None je|None mjesto|None za|None ovu|None priču|None koja|None se|None odvija|None početkom|None 20.|None stoljeća.|None 
Budući|None da|None se|None priča|None odvija|None u|None Americi|None u|None 20.|None stoljeću,|None priča|None sadrži|None situacije|None s|None kojima|None se|None Amerikanci|None mogu|None lakše|None poistovjetiti.|None 
Henry|None Winkler|None sjajno|None interpretira|None lik|None Scroogea,|None a|None sporedni|None glumci|None nisu|None ništa|None manje|None dobri.|None 
Ovo|None je|None priča|None koje|None svake|None godine|None naprosto|None moram|None pogledati.|None 
Klasik|None iz|None šezdesetih|None spao|None je|None na|None ovo?|None 
Naracija|None je|None u|None redu,|None ali|None priča|None je|None slabašna,|None a|None pjesme|None izvanredno|None nebitne.|None 
Bilo|None mi|None je|None neugodno|None dok|None sam|None ovo|None gledao|None sa|None sinom.|None 
Priznajem|None da|None sam|None odrastao|None s|None originalom|None uz|None naraciju|None Jimmyja|None Durantea|None i|None naslovnom|None pjesmom|None koja|None je|None bila|None sjajno|None napisan|None klasik|None umjesto|None jadnog|None panegirika|None političkoj|None korektnosti|None iz|None devedesetih.|None 
To|None je|None vjerojatno|None i|None neizbježno|None jer|None nažalost|None ne|None možete|None iznova|None napraviti|None nešto|None iz|None tog|None razdoblja|None s|None istom|None nevinošću|None i|None osjećajem:|None ne|None danas,|None u|None razdoblju|None u|None kojem|None je|None Božić|None postao|None beživotan.|None 
Ups!|None 
Rekao|None sam|None „Božić”,|None a|None mislio|None sam|None „Sretni|None blagdani”!|None 
AAAAAAAA!!!|None 
U|None ovoj|None se|None igri|None uopće|None ne|None može|None spremati,|None što|None je|None veoma|None iritantno|None jer|None ne|None možete|None ugasiti|None računalo,|None a|None da|None potpuno|None ne|None izbrišete|None napredak.|None 
Osim|None toga,|None igra|None se|None nasumično|None pali|None i|None gasi,|None tako|None da|None se|None ponekad|None iznenada|None ponovno|None otvori|None nakon|None što|None izađete|None iz|None nje.|None 
Moje|None šestogodišnje|None dijete|None misli|None da|None je|None zabavna,|None ali|None ga|None zna|None isfrustrirati.|None 
pretvorilo|None se|None u|None nered|None 
Počelo|None je|None kao|None odlična|None aktivnost|None za|None mojeg|None petogodišnjaka|None tijekom|None putovanja,|None ali|None nakon|None što|None ga|None je|None koristio|None dvogodišnjak|None nastao|None je|None nered.|None 
Štapići|None su|None se|None zalijepili|None jedni|None za|None druge|None i|None dlačice|None su|None se|None zalijepile|None po|None njima.|None 
Ne|None dolazi|None s|None vrećicom|None za|None višekratnu|None upotrebu|None XX|OMISSION XX|OMISSION pa|None je|None sada|None sve|None slijepljeno|None u|None veliku|None loptu|None na|None vrhu|None knjige|None –|None ni|None moja|None djeca|None ni|None ja|None ne|None želimo|None se|None baviti|None raspetljavanjem.|None 
Nabavite|None komplet|None od|None 13|None diskova|None na|None stranici|None AmazonUK!|None 
117|None dolara|None na|None sekundarnom|None tržištu|None za|None ovaj|None inferiorni|None komplet?|None 
HA!|None 
Idite|None na|None AMAZON|None UK|None i|None nabavite|None cijeli|None komplet|None od|None 13|None diskova|None u|None predivnoj|None kutiji|None za|None otprilike|None 84|None dolara|None s|None uključenom|None dostavom.|None 
(Upravo|None sam|None dobio|None svoj!)|None 
Nije|None vam|None potreban|None Marvin|None s|None mozgom|None veličine|None planeta|None da|None znate|None što|None je|None bolje.|None 
Laku|None noć,|None dragi|None leptiri|None 
Bila|None sam|None veoma|None razočarana|None stanjem|None ove|None knjige.|None 
Pisalo|None je|None da|None je|None u|None vrlo|None dobrom|None stanju,|None ali|None bila|None je|None veoma|None istrošena.|None 
Nisam|None je|None mogla|None pokloniti|None svojem|None unuku,|None pa|None sam|None je|None morala|None staviti|None na|None hrpu|None za|None trgovinu|None rabljenom|None robom.|None 
Naravno,|None nisam|None razmišljala|None da|None je|None vratim|None jer|None je|None cijena|None knjige|None bila|None manja|None od|None poštarine.|None 
Ok,|None alat|None funkcionira|None kao|None i|None običan|None izbijač.|None 
Kupio|None sam|None ovo|None jer|None sam|None mislio|None da|None mi|None je|None možda|None potreban|None poseban|None alat|None kako|None bih|None lako|None skinuo|None bazne|None ploče|None sa|None spremnika|None ,|None ali|None funkcionira|None isto|None kao|None i|None običan|None alat|None za|None izbijanje.|None 
Stvarno|None je|None teško|None skinuti|None bazne|None ploče|None sa|None spremnika|None za|None Glock.|None 
Ovaj|None alat|None u|None tome|None baš|None i|None ne|None pomaže.|None 
Eilidh|None Doyle|None bit|None će|None „glas|None atletičara”|None u|None upravi|None Škotskog|None atletskog|None saveza|None 
Eilidh|None Doyle|None izabrana|None je|None kao|None savjetodavni|None član|None uprave|None Škotskog|None atletskog|None saveza|None na|None godišnjoj|None glavnoj|None skupštini|None tog|None državnog|None tijela.|None 
Doyle|None je|None najnagrađivanija|None škotska|None atletičarka|None i|None predsjednik|None uprave|None Ian|None Beattie|None opisao|None je|None taj|None potez|None kao|None odličnu|None priliku|None da|None ljudi|None koji|None određuju|None smjer|None sporta|None iskoriste|None njezino|None opsežno|None iskustvo|None na|None međunarodnoj|None razini|None koje|None je|None stekla|None tijekom|None prošlog|None desetljeća.|None 
„Škotska,|None britanska|None i|None svjetska|None zajednica|None atletičara|None ima|None neizmjerno|None poštovanje|None za|None Eilidh|None i|None sigurni|None smo|None da|None bi|None njezina|None prisutnost|None u|None upravi|None bila|None od|None velike|None koristi|None za|None atletiku|None u|None Škotskoj”,|None rekao|None je|None Beattie.|None 
Doyle|None je|None izjavila:|None „Radujem|None se|None tome|None da|None budem|None glas|None atletičara|None i|None nadam|None se|None da|None ću|None doista|None moći|None doprinijeti|None sportu|None u|None Škotskoj|None i|None pomoći|None u|None njegovu|None usmjeravanju.”|None 
Amerikanac|None koji|None je|None pobijedio|None u|None utrkama|None na|None 200|None i|None 400|None metara|None na|None Olimpijskim|None igrama|None u|None Atlanti|None 1996.,|None što|None su|None dva|None od|None ukupno|None četiri|None olimpijska|None zlata|None koja|None je|None osvojio,|None i|None koji|None je|None sada|None običan|None BBC-jev|None stručnjak,|None više|None ne|None može|VERB hodati|None nakon|None ishemijskog|None moždanog|None udara.|None 
Na|None Twitteru|None je|None napisao:|None „Prije|None mjesec|None dana|None sam|None doživio|None moždani|None udar.|None 
Nisam|None mogao|None hodati.|None 
Doktori|None su|None rekli|None da|None će|None samo|None vrijeme|None pokazati|None hoću|None li|None se|None oporaviti|None i|None u|None kojoj|None mjeri.|None 
Bilo|None je|None naporno,|None ali|None potpuno|None sam|None se|None oporavio,|None ponovno|None sam|None naučio|None hodati|None i|None danas|None radim|None na|None agilnosti!|None 
Hvala|None na|None porukama|None potpore!”|None 
Odlično|None radi.|None 
Imam|None nekoliko|None punjača.|None 
Imam|None više|None vozila|None pa|None držim|None više|None punjača|None u|None svakom|None od|None njih.|None 
Ništa|None ne|None frustrira|None čovjeka|None više|None nego|None kad|None iznenada|None ustanovi|None da|None je|None punjač|None prestao|None raditi|None i|None ne|None postoji|None način|None da|None napuni|None svoj|None mobitel.|None 
To|None se|None uvijek|None događa|None kad|None najviše|None trebate|None punjač.|None 
Ovaj|None radi|None odlično|None sa|None svim|None mojim|None proizvodima.|None 
Radile|None su|None sjajno|None otprilike|None prvih|None pet|None punjenja|None 
Prije|None nekoliko|None godina|None upotrebljavao|None sam|None NiCD|None baterije|None neko|None vrijeme|None i|None odustao|None sam|None od|None njih.|None 
Kad|None sam|None htio|None isprobati|None NiMH|None baterije,|None počeo|None sam|None s|None ovima|None i|None bio|None sam|None veoma|None razočaran|None tehnologijom.|None Koristili|None smo|None ih|None u|None mišu|None koji|None je|None trebalo|None puniti|None oko|None dvaput|None tjedno,|None a|None kasnije|None sam|None prešao|None na|None Sanyo|None Eneloop|None i|None vrlo|None sam|None zadovoljan.|None 
Vrlo|None lako|None za|None korištenje,|None dobro|None radi|None 
Dajem|None četiri|None umjesto|None pet|None zvjezdica|None zbog|None pakiranja|None u|None kojem|None dolazi.|None 
Plastika|None je|None oštra|None i|None nije|None je|None lako|None nositi|None u|None torbi,|None a|None da|None se|None ne|None ubodete|None na|None nju,|None ali|None bez|None plastične|None kutije,|None povećalo|None bi|None se|None jako|None izgrebalo.|None 
Možda|None ću|None baciti|None plastičnu|None kutiju|None pa|None držati|None povećalo|None u|None nečem|None mekom,|None na|None primjer|None u|None maloj|None čarapi.|None 
Inače|None povećalo|None odlično|None radi.|None 
Sad|None ne|None moram|None odrasti|None 
Mogu|None bojiti|None zajedno|None s|None unucima,|None a|None da|None se|None ne|None osjećam|None intelektualno|None zakinutom|None u|None tom|None poduhvatu.|None 
Ova|None knjiga|None je|None toliko|None sjajna|None da|None sam|None iskoristila|None neke|None crteže|None za|None prozore|None s|None vitražima.|None 
Toplo|None preporučujem|None svima|None koji|None ne|None žele|None prerasti|None svoju|None omiljenu|None razonodu.|None 
Isporučene|None su|None mi|None starije|None baterije|None u|None plastičnom|None pakiranju.|None 
Proizvod|None nije|None stigao|None na|None kartonskoj|None podlozi,|None stigao|None je|None u|None plastičnom|None pakiranju|None koje|None se|None lako|None otvara|None i|None s|None rokom|None trajanja|None od|None samo|None 3|None godine.|None 
Nove|None baterije|None imaju|None rok|None trajanja|None od|None 5|None godina.|None 
Opis|None i|None slika|None ovog|None proizvoda|None moraju|None se|None promijeniti|None ako|None će|None kupcima|None na|None Amazonu|None prodavati|None drugi,|None stariji|None proizvod.|None 
Bili|None su|None dobri|None i|None poslali|None mi|None naljepnicu|None za|None besplatni|None povrat|None proizvoda.|None 
Ovo|None je|None super|None jer|None se|None može|None igrati|None s|None abecedom...|None 
Imam|None hladnjak|None od|None nehrđajućeg|None čelika,|None stoga|None nema|None puno|None mjesta|None na|None kojem|None se|None moj|None sin|None može|None igrati|None sa|None svojim|None magnetom.|None 
Donijela|None sam|None mu|None ovo|None da|None na|None to|None stavi|None magnet.|None 
Uživa|None stavljati|None magnet|None na|None to.|None 
Ovo|None je|None super|None jer|None se|None može|None igrati|None s|None magnetnim|None slovima.|None 
